t     0.10s  slot      2/72000  seg   0  found    1/4320 ( 0.0%)  reward        2.5   hits    1  false alarms    0  misses    1
t     1.95s  slot     39/72000  seg   0  found   13/4320 ( 0.3%)  reward       34.9   hits   32  false alarms    0  misses    3
t     4.40s  slot     88/72000  seg   0  found   14/4320 ( 0.3%)  reward       60.5   hits   79  false alarms    0  misses    3
t     6.70s  slot    134/72000  seg   0  found   14/4320 ( 0.3%)  reward       81.3   hits  120  false alarms    0  misses    7
t     9.25s  slot    185/72000  seg   0  found   14/4320 ( 0.3%)  reward      106.6   hits  160  false alarms    0  misses   18
t    11.65s  slot    233/72000  seg   0  found   15/4320 ( 0.3%)  reward      130.6   hits  196  false alarms    0  misses   28
t    14.15s  slot    283/72000  seg   0  found   15/4320 ( 0.3%)  reward      154.4   hits  235  false alarms    0  misses   38
t    16.10s  slot    322/72000  seg   0  found   15/4320 ( 0.3%)  reward      173.6   hits  267  false alarms    0  misses   43
t    18.75s  slot    375/72000  seg   0  found   16/4320 ( 0.4%)  reward      198.3   hits  305  false alarms    0  misses   55
t    21.30s  slot    426/72000  seg   0  found   17/4320 ( 0.4%)  reward      221.6   hits  344  false alarms    0  misses   65
t    23.55s  slot    471/72000  seg   0  found   18/4320 ( 0.4%)  reward      243.0   hits  377  false alarms    0  misses   71
t    26.00s  slot    520/72000  seg   0  found   18/4320 ( 0.4%)  reward      265.7   hits  413  false alarms    0  misses   82
t    28.35s  slot    567/72000  seg   0  found   18/4320 ( 0.4%)  reward      287.5   hits  454  false alarms    0  misses   86
t    30.80s  slot    616/72000  seg   1  found   23/4320 ( 0.5%)  reward      307.8   hits  495  false alarms    0  misses   89
t    33.60s  slot    672/72000  seg   1  found   28/4320 ( 0.6%)  reward      329.4   hits  537  false alarms    0  misses   97
t    35.75s  slot    715/72000  seg   1  found   32/4320 ( 0.7%)  reward      350.8   hits  573  false alarms    0  misses  101
t    38.30s  slot    766/72000  seg   1  found   33/4320 ( 0.8%)  reward      373.3   hits  618  false alarms    0  misses  105
t    40.90s  slot    818/72000  seg   1  found   35/4320 ( 0.8%)  reward      401.2   hits  654  false alarms    0  misses  119
t    43.60s  slot    872/72000  seg   1  found   35/4320 ( 0.8%)  reward      421.1   hits  702  false alarms    0  misses  122
t    46.30s  slot    926/72000  seg   1  found   37/4320 ( 0.9%)  reward      448.4   hits  749  false alarms    0  misses  127
t    48.75s  slot    975/72000  seg   1  found   38/4320 ( 0.9%)  reward      469.9   hits  794  false alarms    0  misses  128
t    51.10s  slot   1022/72000  seg   1  found   38/4320 ( 0.9%)  reward      493.0   hits  826  false alarms    0  misses  138
t    53.20s  slot   1064/72000  seg   1  found   38/4320 ( 0.9%)  reward      512.8   hits  859  false alarms    0  misses  144
t    56.10s  slot   1122/72000  seg   1  found   38/4320 ( 0.9%)  reward      536.1   hits  909  false alarms    0  misses  150
t    58.95s  slot   1179/72000  seg   1  found   39/4320 ( 0.9%)  reward      562.1   hits  955  false alarms    0  misses  159
t    61.15s  slot   1223/72000  seg   2  found   49/4320 ( 1.1%)  reward      585.6   hits  988  false alarms    0  misses  168
t    63.35s  slot   1267/72000  seg   2  found   51/4320 ( 1.2%)  reward      609.2   hits 1024  false alarms    0  misses  174
t    65.10s  slot   1302/72000  seg   2  found   52/4320 ( 1.2%)  reward      630.3   hits 1052  false alarms    0  misses  180
t    67.60s  slot   1352/72000  seg   2  found   52/4320 ( 1.2%)  reward      653.5   hits 1096  false alarms    0  misses  185
t    70.20s  slot   1404/72000  seg   2  found   53/4320 ( 1.2%)  reward      679.6   hits 1140  false alarms    0  misses  190
t    72.75s  slot   1455/72000  seg   2  found   54/4320 ( 1.2%)  reward      705.1   hits 1182  false alarms    0  misses  195
t    75.15s  slot   1503/72000  seg   2  found   55/4320 ( 1.3%)  reward      726.9   hits 1226  false alarms    0  misses  198
t    77.45s  slot   1549/72000  seg   2  found   55/4320 ( 1.3%)  reward      748.4   hits 1264  false alarms    0  misses  204
t    79.55s  slot   1591/72000  seg   2  found   55/4320 ( 1.3%)  reward      769.1   hits 1299  false alarms    0  misses  210
t    82.05s  slot   1641/72000  seg   2  found   56/4320 ( 1.3%)  reward      791.2   hits 1338  false alarms    0  misses  218
t    84.45s  slot   1689/72000  seg   2  found   57/4320 ( 1.3%)  reward      815.9   hits 1381  false alarms    0  misses  221
t    86.90s  slot   1738/72000  seg   2  found   58/4320 ( 1.3%)  reward      839.3   hits 1425  false alarms    0  misses  226
t    89.15s  slot   1783/72000  seg   2  found   59/4320 ( 1.4%)  reward      861.6   hits 1462  false alarms    0  misses  232
t    91.50s  slot   1830/72000  seg   3  found   68/4320 ( 1.6%)  reward      884.7   hits 1500  false alarms    0  misses  239
t    94.10s  slot   1882/72000  seg   3  found   72/4320 ( 1.7%)  reward      908.9   hits 1544  false alarms    0  misses  245
t    96.60s  slot   1932/72000  seg   3  found   75/4320 ( 1.7%)  reward      933.1   hits 1573  false alarms    0  misses  262
t    99.20s  slot   1984/72000  seg   3  found   76/4320 ( 1.8%)  reward      958.0   hits 1616  false alarms    0  misses  269
t   101.70s  slot   2034/72000  seg   3  found   76/4320 ( 1.8%)  reward      980.1   hits 1660  false alarms    0  misses  274
t   103.75s  slot   2075/72000  seg   3  found   76/4320 ( 1.8%)  reward     1002.0   hits 1688  false alarms    0  misses  285
t   106.35s  slot   2127/72000  seg   3  found   77/4320 ( 1.8%)  reward     1024.3   hits 1730  false alarms    0  misses  294
t   109.15s  slot   2183/72000  seg   3  found   77/4320 ( 1.8%)  reward     1046.7   hits 1775  false alarms    0  misses  303
t   111.30s  slot   2226/72000  seg   3  found   77/4320 ( 1.8%)  reward     1070.1   hits 1813  false alarms    0  misses  307
t   113.45s  slot   2269/72000  seg   3  found   77/4320 ( 1.8%)  reward     1091.5   hits 1847  false alarms    0  misses  314
t   115.90s  slot   2318/72000  seg   3  found   77/4320 ( 1.8%)  reward     1114.9   hits 1886  false alarms    0  misses  323
t   118.35s  slot   2367/72000  seg   3  found   77/4320 ( 1.8%)  reward     1138.2   hits 1929  false alarms    0  misses  325
t   120.85s  slot   2417/72000  seg   4  found   84/4320 ( 1.9%)  reward     1161.9   hits 1970  false alarms    0  misses  331
t   123.25s  slot   2465/72000  seg   4  found   91/4320 ( 2.1%)  reward     1190.1   hits 2009  false alarms    0  misses  338
t   125.45s  slot   2509/72000  seg   4  found   95/4320 ( 2.2%)  reward     1217.5   hits 2049  false alarms    0  misses  341
t   127.70s  slot   2554/72000  seg   4  found   95/4320 ( 2.2%)  reward     1239.9   hits 2086  false alarms    0  misses  347
t   129.80s  slot   2596/72000  seg   4  found   96/4320 ( 2.2%)  reward     1265.6   hits 2122  false alarms    0  misses  351
t   132.10s  slot   2642/72000  seg   4  found  101/4320 ( 2.3%)  reward     1292.9   hits 2163  false alarms    0  misses  351
t   134.20s  slot   2684/72000  seg   4  found  102/4320 ( 2.4%)  reward     1319.9   hits 2199  false alarms    0  misses  355
t   136.55s  slot   2731/72000  seg   4  found  103/4320 ( 2.4%)  reward     1350.3   hits 2237  false alarms    0  misses  363
t   138.95s  slot   2779/72000  seg   4  found  103/4320 ( 2.4%)  reward     1375.8   hits 2276  false alarms    0  misses  370
t   141.05s  slot   2821/72000  seg   4  found  105/4320 ( 2.4%)  reward     1404.5   hits 2307  false alarms    0  misses  379
t   143.20s  slot   2864/72000  seg   4  found  106/4320 ( 2.5%)  reward     1432.5   hits 2338  false alarms    0  misses  387
t   145.55s  slot   2911/72000  seg   4  found  107/4320 ( 2.5%)  reward     1460.8   hits 2376  false alarms    0  misses  393
t   147.50s  slot   2950/72000  seg   4  found  107/4320 ( 2.5%)  reward     1482.9   hits 2410  false alarms    0  misses  396
t   149.40s  slot   2988/72000  seg   4  found  107/4320 ( 2.5%)  reward     1507.7   hits 2440  false alarms    0  misses  401
t   150.60s  slot   3012/72000  seg   5  found  113/4320 ( 2.6%)  reward     1529.1   hits 2462  false alarms    0  misses  402
t   152.75s  slot   3055/72000  seg   5  found  124/4320 ( 2.9%)  reward     1557.6   hits 2498  false alarms    0  misses  408
t   154.70s  slot   3094/72000  seg   5  found  128/4320 ( 3.0%)  reward     1580.9   hits 2535  false alarms    0  misses  410
t   156.45s  slot   3129/72000  seg   5  found  128/4320 ( 3.0%)  reward     1601.0   hits 2562  false alarms    0  misses  417
t   158.50s  slot   3170/72000  seg   5  found  130/4320 ( 3.0%)  reward     1625.1   hits 2594  false alarms    0  misses  425
t   160.75s  slot   3215/72000  seg   5  found  131/4320 ( 3.0%)  reward     1651.1   hits 2627  false alarms    0  misses  434
t   162.80s  slot   3256/72000  seg   5  found  132/4320 ( 3.1%)  reward     1676.9   hits 2655  false alarms    0  misses  444
t   164.90s  slot   3298/72000  seg   5  found  134/4320 ( 3.1%)  reward     1703.7   hits 2693  false alarms    0  misses  447
t   166.80s  slot   3336/72000  seg   5  found  135/4320 ( 3.1%)  reward     1732.5   hits 2723  false alarms    0  misses  454
t   168.85s  slot   3377/72000  seg   5  found  136/4320 ( 3.1%)  reward     1759.5   hits 2760  false alarms    0  misses  458
t   170.30s  slot   3406/72000  seg   5  found  136/4320 ( 3.1%)  reward     1777.3   hits 2784  false alarms    0  misses  463
t   172.50s  slot   3450/72000  seg   5  found  138/4320 ( 3.2%)  reward     1804.6   hits 2817  false alarms    0  misses  472
t   174.40s  slot   3488/72000  seg   5  found  138/4320 ( 3.2%)  reward     1828.7   hits 2844  false alarms    0  misses  475
t   176.50s  slot   3530/72000  seg   5  found  139/4320 ( 3.2%)  reward     1858.4   hits 2879  false alarms    0  misses  481
t   178.55s  slot   3571/72000  seg   5  found  139/4320 ( 3.2%)  reward     1882.5   hits 2912  false alarms    0  misses  485
t   180.40s  slot   3608/72000  seg   6  found  146/4320 ( 3.4%)  reward     1908.2   hits 2945  false alarms    0  misses  488
t   182.35s  slot   3647/72000  seg   6  found  151/4320 ( 3.5%)  reward     1933.6   hits 2977  false alarms    0  misses  493
t   184.15s  slot   3683/72000  seg   6  found  155/4320 ( 3.6%)  reward     1952.4   hits 3002  false alarms    0  misses  499
t   186.40s  slot   3728/72000  seg   6  found  156/4320 ( 3.6%)  reward     1974.4   hits 3039  false alarms    0  misses  505
t   188.35s  slot   3767/72000  seg   6  found  156/4320 ( 3.6%)  reward     1994.2   hits 3076  false alarms    0  misses  506
t   190.45s  slot   3809/72000  seg   6  found  157/4320 ( 3.6%)  reward     2020.9   hits 3112  false alarms    0  misses  512
t   192.75s  slot   3855/72000  seg   6  found  159/4320 ( 3.7%)  reward     2045.0   hits 3148  false alarms    0  misses  519
t   194.90s  slot   3898/72000  seg   6  found  159/4320 ( 3.7%)  reward     2065.6   hits 3181  false alarms    0  misses  526
t   196.50s  slot   3930/72000  seg   6  found  161/4320 ( 3.7%)  reward     2086.8   hits 3211  false alarms    0  misses  528
t   198.40s  slot   3968/72000  seg   6  found  161/4320 ( 3.7%)  reward     2109.2   hits 3245  false alarms    0  misses  531
t   200.40s  slot   4008/72000  seg   6  found  161/4320 ( 3.7%)  reward     2127.3   hits 3277  false alarms    0  misses  537
t   202.95s  slot   4059/72000  seg   6  found  163/4320 ( 3.8%)  reward     2152.8   hits 3319  false alarms    0  misses  544
