t     0.05s  slot      1/72000  seg   0  found    0/4785 ( 0.0%)  reward        1.5
t     1.05s  slot     21/72000  seg   0  found    2/4785 ( 0.0%)  reward       16.0
t     2.20s  slot     44/72000  seg   0  found    6/4785 ( 0.1%)  reward       28.6
t     3.75s  slot     75/72000  seg   0  found    8/4785 ( 0.2%)  reward       48.6
t     6.00s  slot    120/72000  seg   0  found   11/4785 ( 0.2%)  reward       70.1
t     7.75s  slot    155/72000  seg   0  found   12/4785 ( 0.3%)  reward       86.9
t    10.15s  slot    203/72000  seg   0  found   14/4785 ( 0.3%)  reward      116.0
t    12.55s  slot    251/72000  seg   0  found   15/4785 ( 0.3%)  reward      135.8
t    14.60s  slot    292/72000  seg   0  found   17/4785 ( 0.4%)  reward      152.3
t    16.65s  slot    333/72000  seg   0  found   19/4785 ( 0.4%)  reward      168.6
t    18.60s  slot    372/72000  seg   0  found   20/4785 ( 0.4%)  reward      185.1
t    20.85s  slot    417/72000  seg   0  found   20/4785 ( 0.4%)  reward      198.0
t    23.20s  slot    464/72000  seg   0  found   20/4785 ( 0.4%)  reward      211.4
t    25.60s  slot    512/72000  seg   0  found   21/4785 ( 0.4%)  reward      221.8
t    27.90s  slot    558/72000  seg   0  found   22/4785 ( 0.5%)  reward      240.0
t    29.75s  slot    595/72000  seg   0  found   22/4785 ( 0.5%)  reward      248.7
t    32.00s  slot    640/72000  seg   1  found   25/4785 ( 0.5%)  reward      260.0
t    34.20s  slot    684/72000  seg   1  found   30/4785 ( 0.6%)  reward      271.7
t    36.15s  slot    723/72000  seg   1  found   33/4785 ( 0.7%)  reward      283.2
t    38.20s  slot    764/72000  seg   1  found   36/4785 ( 0.8%)  reward      300.6
t    40.60s  slot    812/72000  seg   1  found   41/4785 ( 0.9%)  reward      317.0
t    42.50s  slot    850/72000  seg   1  found   42/4785 ( 0.9%)  reward      328.7
t    44.70s  slot    894/72000  seg   1  found   42/4785 ( 0.9%)  reward      344.3
t    46.70s  slot    934/72000  seg   1  found   45/4785 ( 0.9%)  reward      356.2
t    48.85s  slot    977/72000  seg   1  found   46/4785 ( 1.0%)  reward      375.4
t    50.80s  slot   1016/72000  seg   1  found   47/4785 ( 1.0%)  reward      388.9
t    52.70s  slot   1054/72000  seg   1  found   49/4785 ( 1.0%)  reward      401.9
t    54.80s  slot   1096/72000  seg   1  found   50/4785 ( 1.0%)  reward      414.8
t    57.25s  slot   1145/72000  seg   1  found   50/4785 ( 1.0%)  reward      427.1
t    59.40s  slot   1188/72000  seg   1  found   51/4785 ( 1.1%)  reward      440.2
t    61.55s  slot   1231/72000  seg   2  found   56/4785 ( 1.2%)  reward      453.7
t    63.70s  slot   1274/72000  seg   2  found   69/4785 ( 1.4%)  reward      472.1
t    65.90s  slot   1318/72000  seg   2  found   81/4785 ( 1.7%)  reward      490.3
t    68.15s  slot   1363/72000  seg   2  found   89/4785 ( 1.9%)  reward      513.4
t    70.70s  slot   1414/72000  seg   2  found   97/4785 ( 2.0%)  reward      538.7
t    73.00s  slot   1460/72000  seg   2  found  100/4785 ( 2.1%)  reward      561.5
t    75.40s  slot   1508/72000  seg   2  found  106/4785 ( 2.2%)  reward      587.5
t    77.65s  slot   1553/72000  seg   2  found  112/4785 ( 2.3%)  reward      612.0
t    80.00s  slot   1600/72000  seg   2  found  114/4785 ( 2.4%)  reward      636.2
t    82.40s  slot   1648/72000  seg   2  found  116/4785 ( 2.4%)  reward      661.8
t    84.60s  slot   1692/72000  seg   2  found  118/4785 ( 2.5%)  reward      685.2
t    86.80s  slot   1736/72000  seg   2  found  120/4785 ( 2.5%)  reward      707.9
t    88.90s  slot   1778/72000  seg   2  found  120/4785 ( 2.5%)  reward      726.4
t    91.15s  slot   1823/72000  seg   3  found  121/4785 ( 2.5%)  reward      737.1
t    93.30s  slot   1866/72000  seg   3  found  128/4785 ( 2.7%)  reward      755.1
t    95.40s  slot   1908/72000  seg   3  found  131/4785 ( 2.7%)  reward      775.1
t    97.65s  slot   1953/72000  seg   3  found  136/4785 ( 2.8%)  reward      797.2
t   100.00s  slot   2000/72000  seg   3  found  137/4785 ( 2.9%)  reward      820.6
t   102.15s  slot   2043/72000  seg   3  found  141/4785 ( 2.9%)  reward      840.9
t   104.25s  slot   2085/72000  seg   3  found  142/4785 ( 3.0%)  reward      858.3
t   106.30s  slot   2126/72000  seg   3  found  146/4785 ( 3.1%)  reward      880.6
t   108.40s  slot   2168/72000  seg   3  found  147/4785 ( 3.1%)  reward      903.2
t   110.80s  slot   2216/72000  seg   3  found  147/4785 ( 3.1%)  reward      925.6
t   112.90s  slot   2258/72000  seg   3  found  147/4785 ( 3.1%)  reward      947.5
t   114.90s  slot   2298/72000  seg   3  found  147/4785 ( 3.1%)  reward      970.4
t   117.00s  slot   2340/72000  seg   3  found  147/4785 ( 3.1%)  reward      990.1
t   119.10s  slot   2382/72000  seg   3  found  147/4785 ( 3.1%)  reward     1005.8
t   121.00s  slot   2420/72000  seg   4  found  150/4785 ( 3.1%)  reward     1015.1
t   122.95s  slot   2459/72000  seg   4  found  156/4785 ( 3.3%)  reward     1032.6
t   124.90s  slot   2498/72000  seg   4  found  156/4785 ( 3.3%)  reward     1055.0
t   126.60s  slot   2532/72000  seg   4  found  157/4785 ( 3.3%)  reward     1074.0
t   128.35s  slot   2567/72000  seg   4  found  165/4785 ( 3.4%)  reward     1092.0
t   130.30s  slot   2606/72000  seg   4  found  169/4785 ( 3.5%)  reward     1112.0
t   132.05s  slot   2641/72000  seg   4  found  170/4785 ( 3.6%)  reward     1129.3
t   134.05s  slot   2681/72000  seg   4  found  172/4785 ( 3.6%)  reward     1148.7
t   136.15s  slot   2723/72000  seg   4  found  179/4785 ( 3.7%)  reward     1172.0
t   138.15s  slot   2763/72000  seg   4  found  182/4785 ( 3.8%)  reward     1191.3
t   139.90s  slot   2798/72000  seg   4  found  183/4785 ( 3.8%)  reward     1210.4
t   141.65s  slot   2833/72000  seg   4  found  184/4785 ( 3.8%)  reward     1230.5
t   144.10s  slot   2882/72000  seg   4  found  186/4785 ( 3.9%)  reward     1248.8
t   146.40s  slot   2928/72000  seg   4  found  186/4785 ( 3.9%)  reward     1268.0
t   148.50s  slot   2970/72000  seg   4  found  186/4785 ( 3.9%)  reward     1276.8
t   150.35s  slot   3007/72000  seg   5  found  186/4785 ( 3.9%)  reward     1283.0
t   152.10s  slot   3042/72000  seg   5  found  196/4785 ( 4.1%)  reward     1294.9
t   154.10s  slot   3082/72000  seg   5  found  199/4785 ( 4.2%)  reward     1313.1
t   156.20s  slot   3124/72000  seg   5  found  206/4785 ( 4.3%)  reward     1334.7
t   157.85s  slot   3157/72000  seg   5  found  213/4785 ( 4.5%)  reward     1350.3
t   159.90s  slot   3198/72000  seg   5  found  217/4785 ( 4.5%)  reward     1372.0
t   162.10s  slot   3242/72000  seg   5  found  221/4785 ( 4.6%)  reward     1395.8
t   164.35s  slot   3287/72000  seg   5  found  223/4785 ( 4.7%)  reward     1420.2
t   166.90s  slot   3338/72000  seg   5  found  224/4785 ( 4.7%)  reward     1449.8
t   169.05s  slot   3381/72000  seg   5  found  225/4785 ( 4.7%)  reward     1472.2
t   171.35s  slot   3427/72000  seg   5  found  226/4785 ( 4.7%)  reward     1500.7
t   173.35s  slot   3467/72000  seg   5  found  230/4785 ( 4.8%)  reward     1521.5
t   175.50s  slot   3510/72000  seg   5  found  230/4785 ( 4.8%)  reward     1543.7
t   177.50s  slot   3550/72000  seg   5  found  231/4785 ( 4.8%)  reward     1564.1
t   179.60s  slot   3592/72000  seg   5  found  231/4785 ( 4.8%)  reward     1582.8
t   181.45s  slot   3629/72000  seg   6  found  235/4785 ( 4.9%)  reward     1595.1
t   183.70s  slot   3674/72000  seg   6  found  242/4785 ( 5.1%)  reward     1612.6
t   185.85s  slot   3717/72000  seg   6  found  254/4785 ( 5.3%)  reward     1635.2
t   187.35s  slot   3747/72000  seg   6  found  254/4785 ( 5.3%)  reward     1648.0
t   188.85s  slot   3777/72000  seg   6  found  257/4785 ( 5.4%)  reward     1663.7
t   190.20s  slot   3804/72000  seg   6  found  260/4785 ( 5.4%)  reward     1678.4
t   191.50s  slot   3830/72000  seg   6  found  262/4785 ( 5.5%)  reward     1691.8
t   192.90s  slot   3858/72000  seg   6  found  266/4785 ( 5.6%)  reward     1708.3
t   194.20s  slot   3884/72000  seg   6  found  269/4785 ( 5.6%)  reward     1722.8
t   195.50s  slot   3910/72000  seg   6  found  269/4785 ( 5.6%)  reward     1737.4
t   197.00s  slot   3940/72000  seg   6  found  270/4785 ( 5.6%)  reward     1752.6
t   198.30s  slot   3966/72000  seg   6  found  271/4785 ( 5.7%)  reward     1765.5
t   199.60s  slot   3992/72000  seg   6  found  273/4785 ( 5.7%)  reward     1780.0
t   200.85s  slot   4017/72000  seg   6  found  274/4785 ( 5.7%)  reward     1792.9
t   203.05s  slot   4061/72000  seg   6  found  274/4785 ( 5.7%)  reward     1816.3
t   205.10s  slot   4102/72000  seg   6  found  275/4785 ( 5.7%)  reward     1838.9
t   207.25s  slot   4145/72000  seg   6  found  277/4785 ( 5.8%)  reward     1859.6
t   209.45s  slot   4189/72000  seg   6  found  277/4785 ( 5.8%)  reward     1872.2
t   211.15s  slot   4223/72000  seg   7  found  279/4785 ( 5.8%)  reward     1881.1
t   212.55s  slot   4251/72000  seg   7  found  279/4785 ( 5.8%)  reward     1887.6
t   214.00s  slot   4280/72000  seg   7  found  284/4785 ( 5.9%)  reward     1897.5
t   215.45s  slot   4309/72000  seg   7  found  294/4785 ( 6.1%)  reward     1910.9
t   217.40s  slot   4348/72000  seg   7  found  298/4785 ( 6.2%)  reward     1922.0
t   219.45s  slot   4389/72000  seg   7  found  302/4785 ( 6.3%)  reward     1938.6
t   221.80s  slot   4436/72000  seg   7  found  305/4785 ( 6.4%)  reward     1958.7
t   223.80s  slot   4476/72000  seg   7  found  308/4785 ( 6.4%)  reward     1980.1
t   225.80s  slot   4516/72000  seg   7  found  313/4785 ( 6.5%)  reward     1998.4
t   227.80s  slot   4556/72000  seg   7  found  314/4785 ( 6.6%)  reward     2019.5
t   230.00s  slot   4600/72000  seg   7  found  314/4785 ( 6.6%)  reward     2040.3
t   232.25s  slot   4645/72000  seg   7  found  315/4785 ( 6.6%)  reward     2059.8
t   234.15s  slot   4683/72000  seg   7  found  316/4785 ( 6.6%)  reward     2076.8
t   236.50s  slot   4730/72000  seg   7  found  317/4785 ( 6.6%)  reward     2096.4
t   238.60s  slot   4772/72000  seg   7  found  317/4785 ( 6.6%)  reward     2111.2
t   240.30s  slot   4806/72000  seg   8  found  318/4785 ( 6.6%)  reward     2120.9
t   241.85s  slot   4837/72000  seg   8  found  322/4785 ( 6.7%)  reward     2133.8
t   244.15s  slot   4883/72000  seg   8  found  332/4785 ( 6.9%)  reward     2152.9
t   246.25s  slot   4925/72000  seg   8  found  340/4785 ( 7.1%)  reward     2170.7
t   248.20s  slot   4964/72000  seg   8  found  344/4785 ( 7.2%)  reward     2190.6
t   250.40s  slot   5008/72000  seg   8  found  350/4785 ( 7.3%)  reward     2212.3
t   252.50s  slot   5050/72000  seg   8  found  354/4785 ( 7.4%)  reward     2234.4
t   254.70s  slot   5094/72000  seg   8  found  356/4785 ( 7.4%)  reward     2258.5
t   256.70s  slot   5134/72000  seg   8  found  357/4785 ( 7.5%)  reward     2277.4
t   259.20s  slot   5184/72000  seg   8  found  358/4785 ( 7.5%)  reward     2302.6
t   261.45s  slot   5229/72000  seg   8  found  363/4785 ( 7.6%)  reward     2324.2
t   263.50s  slot   5270/72000  seg   8  found  363/4785 ( 7.6%)  reward     2347.5
t   265.45s  slot   5309/72000  seg   8  found  363/4785 ( 7.6%)  reward     2367.0
t   267.45s  slot   5349/72000  seg   8  found  363/4785 ( 7.6%)  reward     2385.6
t   269.40s  slot   5388/72000  seg   8  found  363/4785 ( 7.6%)  reward     2405.1
t   270.70s  slot   5414/72000  seg   9  found  367/4785 ( 7.7%)  reward     2416.3
t   272.35s  slot   5447/72000  seg   9  found  374/4785 ( 7.8%)  reward     2430.0
t   274.10s  slot   5482/72000  seg   9  found  380/4785 ( 7.9%)  reward     2444.4
t   275.80s  slot   5516/72000  seg   9  found  387/4785 ( 8.1%)  reward     2465.3
t   277.70s  slot   5554/72000  seg   9  found  391/4785 ( 8.2%)  reward     2486.5
t   279.40s  slot   5588/72000  seg   9  found  400/4785 ( 8.4%)  reward     2502.0
t   281.25s  slot   5625/72000  seg   9  found  406/4785 ( 8.5%)  reward     2523.6
t   283.35s  slot   5667/72000  seg   9  found  409/4785 ( 8.5%)  reward     2544.2
t   285.70s  slot   5714/72000  seg   9  found  414/4785 ( 8.7%)  reward     2566.9
t   287.75s  slot   5755/72000  seg   9  found  422/4785 ( 8.8%)  reward     2592.0
t   289.95s  slot   5799/72000  seg   9  found  424/4785 ( 8.9%)  reward     2613.7
t   292.05s  slot   5841/72000  seg   9  found  424/4785 ( 8.9%)  reward     2637.1
t   294.15s  slot   5883/72000  seg   9  found  424/4785 ( 8.9%)  reward     2659.1
t   296.35s  slot   5927/72000  seg   9  found  428/4785 ( 8.9%)  reward     2682.4
t   298.40s  slot   5968/72000  seg   9  found  428/4785 ( 8.9%)  reward     2704.9
t   300.35s  slot   6007/72000  seg  10  found  428/4785 ( 8.9%)  reward     2719.3
t   302.55s  slot   6051/72000  seg  10  found  444/4785 ( 9.3%)  reward     2740.5
t   304.25s  slot   6085/72000  seg  10  found  450/4785 ( 9.4%)  reward     2758.6
t   305.95s  slot   6119/72000  seg  10  found  457/4785 ( 9.6%)  reward     2780.6
t   308.20s  slot   6164/72000  seg  10  found  468/4785 ( 9.8%)  reward     2804.1
t   310.45s  slot   6209/72000  seg  10  found  470/4785 ( 9.8%)  reward     2826.2
t   312.90s  slot   6258/72000  seg  10  found  472/4785 ( 9.9%)  reward     2848.5
t   314.90s  slot   6298/72000  seg  10  found  475/4785 ( 9.9%)  reward     2869.3
t   316.75s  slot   6335/72000  seg  10  found  477/4785 (10.0%)  reward     2890.6
t   319.00s  slot   6380/72000  seg  10  found  480/4785 (10.0%)  reward     2909.5
t   321.25s  slot   6425/72000  seg  10  found  485/4785 (10.1%)  reward     2932.1
t   323.35s  slot   6467/72000  seg  10  found  488/4785 (10.2%)  reward     2955.6
t   325.70s  slot   6514/72000  seg  10  found  488/4785 (10.2%)  reward     2977.8
t   327.05s  slot   6541/72000  seg  10  found  488/4785 (10.2%)  reward     2994.7
t   328.45s  slot   6569/72000  seg  10  found  488/4785 (10.2%)  reward     3004.4
t   329.70s  slot   6594/72000  seg  10  found  488/4785 (10.2%)  reward     3010.8
t   331.25s  slot   6625/72000  seg  11  found  489/4785 (10.2%)  reward     3016.5
t   333.40s  slot   6668/72000  seg  11  found  491/4785 (10.3%)  reward     3023.4
t   335.65s  slot   6713/72000  seg  11  found  494/4785 (10.3%)  reward     3033.3
t   338.10s  slot   6762/72000  seg  11  found  496/4785 (10.4%)  reward     3045.2
t   340.05s  slot   6801/72000  seg  11  found  498/4785 (10.4%)  reward     3055.8
t   341.90s  slot   6838/72000  seg  11  found  498/4785 (10.4%)  reward     3065.7
t   344.05s  slot   6881/72000  seg  11  found  501/4785 (10.5%)  reward     3083.8
t   346.15s  slot   6923/72000  seg  11  found  502/4785 (10.5%)  reward     3100.9
t   347.75s  slot   6955/72000  seg  11  found  505/4785 (10.6%)  reward     3117.6
t   349.10s  slot   6982/72000  seg  11  found  506/4785 (10.6%)  reward     3129.6
t   350.45s  slot   7009/72000  seg  11  found  508/4785 (10.6%)  reward     3141.7
t   351.90s  slot   7038/72000  seg  11  found  508/4785 (10.6%)  reward     3152.7
t   354.10s  slot   7082/72000  seg  11  found  509/4785 (10.6%)  reward     3168.6
t   356.40s  slot   7128/72000  seg  11  found  509/4785 (10.6%)  reward     3181.6
t   358.55s  slot   7171/72000  seg  11  found  509/4785 (10.6%)  reward     3192.6
t   360.60s  slot   7212/72000  seg  12  found  511/4785 (10.7%)  reward     3202.1
t   362.60s  slot   7252/72000  seg  12  found  511/4785 (10.7%)  reward     3208.9
t   364.35s  slot   7287/72000  seg  12  found  511/4785 (10.7%)  reward     3218.0
t   366.70s  slot   7334/72000  seg  12  found  511/4785 (10.7%)  reward     3226.2
t   369.15s  slot   7383/72000  seg  12  found  511/4785 (10.7%)  reward     3231.7
t   371.35s  slot   7427/72000  seg  12  found  512/4785 (10.7%)  reward     3244.3
t   373.75s  slot   7475/72000  seg  12  found  512/4785 (10.7%)  reward     3253.6
t   375.85s  slot   7517/72000  seg  12  found  512/4785 (10.7%)  reward     3263.2
t   377.60s  slot   7552/72000  seg  12  found  512/4785 (10.7%)  reward     3272.0
t   379.75s  slot   7595/72000  seg  12  found  512/4785 (10.7%)  reward     3282.7
t   381.90s  slot   7638/72000  seg  12  found  512/4785 (10.7%)  reward     3289.2
t   384.25s  slot   7685/72000  seg  12  found  512/4785 (10.7%)  reward     3294.1
t   386.55s  slot   7731/72000  seg  12  found  512/4785 (10.7%)  reward     3295.6
t   388.60s  slot   7772/72000  seg  12  found  512/4785 (10.7%)  reward     3302.5
t   390.25s  slot   7805/72000  seg  13  found  512/4785 (10.7%)  reward     3308.7
t   391.50s  slot   7830/72000  seg  13  found  512/4785 (10.7%)  reward     3311.7
t   393.70s  slot   7874/72000  seg  13  found  513/4785 (10.7%)  reward     3317.5
t   395.80s  slot   7916/72000  seg  13  found  514/4785 (10.7%)  reward     3324.6
t   397.50s  slot   7950/72000  seg  13  found  514/4785 (10.7%)  reward     3331.1
t   399.40s  slot   7988/72000  seg  13  found  515/4785 (10.8%)  reward     3338.9
t   400.50s  slot   8010/72000  seg  13  found  515/4785 (10.8%)  reward     3343.9
t   402.30s  slot   8046/72000  seg  13  found  515/4785 (10.8%)  reward     3351.9
t   404.10s  slot   8082/72000  seg  13  found  517/4785 (10.8%)  reward     3361.3
t   406.10s  slot   8122/72000  seg  13  found  517/4785 (10.8%)  reward     3369.6
t   408.15s  slot   8163/72000  seg  13  found  518/4785 (10.8%)  reward     3381.0
t   410.20s  slot   8204/72000  seg  13  found  518/4785 (10.8%)  reward     3385.5
t   411.90s  slot   8238/72000  seg  13  found  518/4785 (10.8%)  reward     3388.3
t   413.50s  slot   8270/72000  seg  13  found  519/4785 (10.8%)  reward     3396.2
t   415.50s  slot   8310/72000  seg  13  found  519/4785 (10.8%)  reward     3408.5
t   417.20s  slot   8344/72000  seg  13  found  519/4785 (10.8%)  reward     3418.7
t   419.10s  slot   8382/72000  seg  13  found  519/4785 (10.8%)  reward     3426.8
t   420.75s  slot   8415/72000  seg  14  found  519/4785 (10.8%)  reward     3431.6
t   422.65s  slot   8453/72000  seg  14  found  520/4785 (10.9%)  reward     3439.6
t   424.40s  slot   8488/72000  seg  14  found  521/4785 (10.9%)  reward     3446.2
t   425.85s  slot   8517/72000  seg  14  found  522/4785 (10.9%)  reward     3451.3
t   426.95s  slot   8539/72000  seg  14  found  522/4785 (10.9%)  reward     3454.7
t   428.35s  slot   8567/72000  seg  14  found  523/4785 (10.9%)  reward     3461.5
t   430.20s  slot   8604/72000  seg  14  found  523/4785 (10.9%)  reward     3468.9
t   432.05s  slot   8641/72000  seg  14  found  525/4785 (11.0%)  reward     3480.1
t   433.95s  slot   8679/72000  seg  14  found  525/4785 (11.0%)  reward     3493.2
t   435.45s  slot   8709/72000  seg  14  found  525/4785 (11.0%)  reward     3501.8
t   436.95s  slot   8739/72000  seg  14  found  526/4785 (11.0%)  reward     3511.9
t   438.00s  slot   8760/72000  seg  14  found  526/4785 (11.0%)  reward     3517.7
t   439.00s  slot   8780/72000  seg  14  found  526/4785 (11.0%)  reward     3521.6
t   440.50s  slot   8810/72000  seg  14  found  526/4785 (11.0%)  reward     3529.2
t   442.35s  slot   8847/72000  seg  14  found  526/4785 (11.0%)  reward     3538.1
t   443.70s  slot   8874/72000  seg  14  found  526/4785 (11.0%)  reward     3546.2
t   445.55s  slot   8911/72000  seg  14  found  527/4785 (11.0%)  reward     3552.5
t   447.40s  slot   8948/72000  seg  14  found  527/4785 (11.0%)  reward     3560.9
t   449.10s  slot   8982/72000  seg  14  found  527/4785 (11.0%)  reward     3568.8
t   450.65s  slot   9013/72000  seg  15  found  529/4785 (11.1%)  reward     3572.0
t   452.05s  slot   9041/72000  seg  15  found  535/4785 (11.2%)  reward     3583.4
t   453.95s  slot   9079/72000  seg  15  found  544/4785 (11.4%)  reward     3596.9
t   456.00s  slot   9120/72000  seg  15  found  553/4785 (11.6%)  reward     3614.8
t   457.60s  slot   9152/72000  seg  15  found  557/4785 (11.6%)  reward     3628.0
t   459.40s  slot   9188/72000  seg  15  found  562/4785 (11.7%)  reward     3642.2
t   461.35s  slot   9227/72000  seg  15  found  565/4785 (11.8%)  reward     3658.9
t   463.30s  slot   9266/72000  seg  15  found  574/4785 (12.0%)  reward     3677.9
t   465.40s  slot   9308/72000  seg  15  found  577/4785 (12.1%)  reward     3693.8
t   467.25s  slot   9345/72000  seg  15  found  579/4785 (12.1%)  reward     3707.8
t   469.05s  slot   9381/72000  seg  15  found  579/4785 (12.1%)  reward     3722.5
t   471.05s  slot   9421/72000  seg  15  found  580/4785 (12.1%)  reward     3738.3
t   472.45s  slot   9449/72000  seg  15  found  580/4785 (12.1%)  reward     3751.3
t   474.00s  slot   9480/72000  seg  15  found  581/4785 (12.1%)  reward     3761.8
t   476.00s  slot   9520/72000  seg  15  found  582/4785 (12.2%)  reward     3780.8
t   478.05s  slot   9561/72000  seg  15  found  583/4785 (12.2%)  reward     3794.1
t   480.40s  slot   9608/72000  seg  16  found  583/4785 (12.2%)  reward     3803.4
t   482.50s  slot   9650/72000  seg  16  found  585/4785 (12.2%)  reward     3814.5
t   484.55s  slot   9691/72000  seg  16  found  588/4785 (12.3%)  reward     3827.2
t   486.40s  slot   9728/72000  seg  16  found  592/4785 (12.4%)  reward     3841.6
t   488.40s  slot   9768/72000  seg  16  found  595/4785 (12.4%)  reward     3854.9
t   490.35s  slot   9807/72000  seg  16  found  595/4785 (12.4%)  reward     3867.4
t   492.00s  slot   9840/72000  seg  16  found  602/4785 (12.6%)  reward     3884.4
t   493.90s  slot   9878/72000  seg  16  found  603/4785 (12.6%)  reward     3896.8
t   496.05s  slot   9921/72000  seg  16  found  605/4785 (12.6%)  reward     3906.3
t   498.30s  slot   9966/72000  seg  16  found  606/4785 (12.7%)  reward     3920.0
t   500.70s  slot  10014/72000  seg  16  found  606/4785 (12.7%)  reward     3931.8
t   502.80s  slot  10056/72000  seg  16  found  608/4785 (12.7%)  reward     3940.6
t   504.65s  slot  10093/72000  seg  16  found  608/4785 (12.7%)  reward     3948.1
t   506.75s  slot  10135/72000  seg  16  found  609/4785 (12.7%)  reward     3955.6
t   508.75s  slot  10175/72000  seg  16  found  609/4785 (12.7%)  reward     3957.3
t   510.40s  slot  10208/72000  seg  17  found  609/4785 (12.7%)  reward     3960.0
t   512.20s  slot  10244/72000  seg  17  found  613/4785 (12.8%)  reward     3966.0
t   513.80s  slot  10276/72000  seg  17  found  614/4785 (12.8%)  reward     3979.2
t   515.50s  slot  10310/72000  seg  17  found  614/4785 (12.8%)  reward     3990.8
t   517.40s  slot  10348/72000  seg  17  found  615/4785 (12.9%)  reward     4000.2
t   518.90s  slot  10378/72000  seg  17  found  618/4785 (12.9%)  reward     4006.8
t   520.55s  slot  10411/72000  seg  17  found  620/4785 (13.0%)  reward     4016.7
t   522.50s  slot  10450/72000  seg  17  found  620/4785 (13.0%)  reward     4030.2
t   524.40s  slot  10488/72000  seg  17  found  622/4785 (13.0%)  reward     4041.1
t   526.10s  slot  10522/72000  seg  17  found  624/4785 (13.0%)  reward     4054.8
t   527.95s  slot  10559/72000  seg  17  found  626/4785 (13.1%)  reward     4068.4
t   530.05s  slot  10601/72000  seg  17  found  626/4785 (13.1%)  reward     4079.3
t   531.95s  slot  10639/72000  seg  17  found  626/4785 (13.1%)  reward     4086.3
t   533.65s  slot  10673/72000  seg  17  found  626/4785 (13.1%)  reward     4097.0
t   535.50s  slot  10710/72000  seg  17  found  626/4785 (13.1%)  reward     4104.1
t   537.15s  slot  10743/72000  seg  17  found  626/4785 (13.1%)  reward     4112.8
t   539.05s  slot  10781/72000  seg  17  found  626/4785 (13.1%)  reward     4123.0
t   540.75s  slot  10815/72000  seg  18  found  628/4785 (13.1%)  reward     4127.9
t   542.35s  slot  10847/72000  seg  18  found  636/4785 (13.3%)  reward     4139.7
t   544.00s  slot  10880/72000  seg  18  found  643/4785 (13.4%)  reward     4153.6
---------------------------------
| rollout/           |          |
|    ep_len_mean     | 486      |
|    ep_rew_mean     | 229      |
| time/              |          |
|    fps             | 258      |
|    iterations      | 1        |
|    time_elapsed    | 31       |
|    total_timesteps | 811008   |
---------------------------------
