Using cuda device
Wrapping the env with a `Monitor` wrapper
Wrapping the env in a DummyVecEnv.
---------------------------------
| rollout/           |          |
|    ep_len_mean     | 502      |
|    ep_rew_mean     | 190      |
| time/              |          |
|    fps             | 164      |
|    iterations      | 1        |
|    time_elapsed    | 49       |
|    total_timesteps | 8192     |
---------------------------------
-----------------------------------------
| rollout/                |             |
|    ep_len_mean          | 499         |
|    ep_rew_mean          | 195         |
| time/                   |             |
|    fps                  | 95          |
|    iterations           | 2           |
|    time_elapsed         | 171         |
|    total_timesteps      | 16384       |
| train/                  |             |
|    approx_kl            | 0.014442576 |
|    clip_fraction        | 0.238       |
|    clip_range           | 0.2         |
|    entropy_loss         | -3.57       |
|    explained_variance   | 0.00841     |
|    learning_rate        | 0.0003      |
|    loss                 | 0.673       |
|    n_updates            | 10          |
|    policy_gradient_loss | -0.0196     |
|    value_loss           | 17.3        |
-----------------------------------------
----------------------------------------
| rollout/                |            |
|    ep_len_mean          | 493        |
|    ep_rew_mean          | 207        |
| time/                   |            |
|    fps                  | 84         |
|    iterations           | 3          |
|    time_elapsed         | 291        |
|    total_timesteps      | 24576      |
| train/                  |            |
|    approx_kl            | 0.01190309 |
|    clip_fraction        | 0.163      |
|    clip_range           | 0.2        |
|    entropy_loss         | -3.55      |
|    explained_variance   | 0.24       |
|    learning_rate        | 0.0003     |
|    loss                 | 5.23       |
|    n_updates            | 20         |
|    policy_gradient_loss | -0.0161    |
|    value_loss           | 31.8       |
----------------------------------------
-----------------------------------------
| rollout/                |             |
|    ep_len_mean          | 487         |
|    ep_rew_mean          | 217         |
| time/                   |             |
|    fps                  | 78          |
|    iterations           | 4           |
|    time_elapsed         | 419         |
|    total_timesteps      | 32768       |
| train/                  |             |
|    approx_kl            | 0.017473223 |
|    clip_fraction        | 0.185       |
|    clip_range           | 0.2         |
|    entropy_loss         | -3.5        |
|    explained_variance   | 0.453       |
|    learning_rate        | 0.0003      |
|    loss                 | 1.07        |
|    n_updates            | 30          |
|    policy_gradient_loss | -0.0156     |
|    value_loss           | 31.1        |
-----------------------------------------
-----------------------------------------
| rollout/                |             |
|    ep_len_mean          | 484         |
|    ep_rew_mean          | 209         |
| time/                   |             |
|    fps                  | 73          |
|    iterations           | 5           |
|    time_elapsed         | 557         |
|    total_timesteps      | 40960       |
| train/                  |             |
|    approx_kl            | 0.011123383 |
|    clip_fraction        | 0.122       |
|    clip_range           | 0.2         |
|    entropy_loss         | -3.47       |
|    explained_variance   | 0.695       |
|    learning_rate        | 0.0003      |
|    loss                 | 15.6        |
|    n_updates            | 40          |
|    policy_gradient_loss | -0.0115     |
|    value_loss           | 44.6        |
-----------------------------------------
-----------------------------------------
| rollout/                |             |
|    ep_len_mean          | 480         |
|    ep_rew_mean          | 211         |
| time/                   |             |
|    fps                  | 70          |
|    iterations           | 6           |
|    time_elapsed         | 692         |
|    total_timesteps      | 49152       |
| train/                  |             |
|    approx_kl            | 0.012091576 |
|    clip_fraction        | 0.129       |
|    clip_range           | 0.2         |
|    entropy_loss         | -3.47       |
|    explained_variance   | 0.851       |
|    learning_rate        | 0.0003      |
|    loss                 | 8.26        |
|    n_updates            | 50          |
|    policy_gradient_loss | -0.0106     |
|    value_loss           | 34.4        |
-----------------------------------------
-----------------------------------------
| rollout/                |             |
|    ep_len_mean          | 473         |
|    ep_rew_mean          | 217         |
| time/                   |             |
|    fps                  | 69          |
|    iterations           | 7           |
|    time_elapsed         | 828         |
|    total_timesteps      | 57344       |
| train/                  |             |
|    approx_kl            | 0.011624365 |
|    clip_fraction        | 0.12        |
|    clip_range           | 0.2         |
|    entropy_loss         | -3.4        |
|    explained_variance   | 0.893       |
|    learning_rate        | 0.0003      |
|    loss                 | 21.4        |
|    n_updates            | 60          |
|    policy_gradient_loss | -0.00566    |
|    value_loss           | 34.4        |
-----------------------------------------
----------------------------------------
| rollout/                |            |
|    ep_len_mean          | 464        |
|    ep_rew_mean          | 227        |
| time/                   |            |
|    fps                  | 67         |
|    iterations           | 8          |
|    time_elapsed         | 974        |
|    total_timesteps      | 65536      |
| train/                  |            |
|    approx_kl            | 0.04878591 |
|    clip_fraction        | 0.215      |
|    clip_range           | 0.2        |
|    entropy_loss         | -3.32      |
|    explained_variance   | 0.916      |
|    learning_rate        | 0.0003     |
|    loss                 | 12.5       |
|    n_updates            | 70         |
|    policy_gradient_loss | 0.0042     |
|    value_loss           | 41.6       |
----------------------------------------
-----------------------------------------
| rollout/                |             |
|    ep_len_mean          | 459         |
|    ep_rew_mean          | 228         |
| time/                   |             |
|    fps                  | 65          |
|    iterations           | 9           |
|    time_elapsed         | 1121        |
|    total_timesteps      | 73728       |
| train/                  |             |
|    approx_kl            | 0.014061013 |
|    clip_fraction        | 0.11        |
|    clip_range           | 0.2         |
|    entropy_loss         | -3.24       |
|    explained_variance   | 0.92        |
|    learning_rate        | 0.0003      |
|    loss                 | 4.96        |
|    n_updates            | 80          |
|    policy_gradient_loss | -0.00935    |
|    value_loss           | 42.7        |
-----------------------------------------
-----------------------------------------
| rollout/                |             |
|    ep_len_mean          | 453         |
|    ep_rew_mean          | 240         |
| time/                   |             |
|    fps                  | 65          |
|    iterations           | 10          |
|    time_elapsed         | 1251        |
|    total_timesteps      | 81920       |
| train/                  |             |
|    approx_kl            | 0.008440392 |
|    clip_fraction        | 0.0687      |
|    clip_range           | 0.2         |
|    entropy_loss         | -3.23       |
|    explained_variance   | 0.932       |
|    learning_rate        | 0.0003      |
|    loss                 | 14.1        |
|    n_updates            | 90          |
|    policy_gradient_loss | -0.00498    |
|    value_loss           | 43          |
-----------------------------------------
-----------------------------------------
| rollout/                |             |
|    ep_len_mean          | 446         |
|    ep_rew_mean          | 244         |
| time/                   |             |
|    fps                  | 64          |
|    iterations           | 11          |
|    time_elapsed         | 1387        |
|    total_timesteps      | 90112       |
| train/                  |             |
|    approx_kl            | 0.014204195 |
|    clip_fraction        | 0.106       |
|    clip_range           | 0.2         |
|    entropy_loss         | -3.18       |
|    explained_variance   | 0.953       |
|    learning_rate        | 0.0003      |
|    loss                 | 5.92        |
|    n_updates            | 100         |
|    policy_gradient_loss | -0.00808    |
|    value_loss           | 43.6        |
-----------------------------------------
-----------------------------------------
| rollout/                |             |
|    ep_len_mean          | 444         |
|    ep_rew_mean          | 246         |
| time/                   |             |
|    fps                  | 64          |
|    iterations           | 12          |
|    time_elapsed         | 1519        |
|    total_timesteps      | 98304       |
| train/                  |             |
|    approx_kl            | 0.013068953 |
|    clip_fraction        | 0.133       |
|    clip_range           | 0.2         |
|    entropy_loss         | -3.18       |
|    explained_variance   | 0.961       |
|    learning_rate        | 0.0003      |
|    loss                 | 18.2        |
|    n_updates            | 110         |
|    policy_gradient_loss | -0.00612    |
|    value_loss           | 49.3        |
-----------------------------------------
-----------------------------------------
| rollout/                |             |
|    ep_len_mean          | 445         |
|    ep_rew_mean          | 253         |
| time/                   |             |
|    fps                  | 65          |
|    iterations           | 13          |
|    time_elapsed         | 1636        |
|    total_timesteps      | 106496      |
| train/                  |             |
|    approx_kl            | 0.012133917 |
|    clip_fraction        | 0.196       |
|    clip_range           | 0.2         |
|    entropy_loss         | -3.21       |
|    explained_variance   | 0.965       |
|    learning_rate        | 0.0003      |
|    loss                 | 92          |
|    n_updates            | 120         |
|    policy_gradient_loss | 0.00573     |
|    value_loss           | 49.8        |
-----------------------------------------
-----------------------------------------
| rollout/                |             |
|    ep_len_mean          | 446         |
|    ep_rew_mean          | 250         |
| time/                   |             |
|    fps                  | 65          |
|    iterations           | 14          |
|    time_elapsed         | 1747        |
|    total_timesteps      | 114688      |
| train/                  |             |
|    approx_kl            | 0.013638635 |
|    clip_fraction        | 0.204       |
|    clip_range           | 0.2         |
|    entropy_loss         | -3.11       |
|    explained_variance   | 0.962       |
|    learning_rate        | 0.0003      |
|    loss                 | 19.8        |
|    n_updates            | 130         |
|    policy_gradient_loss | 0.00484     |
|    value_loss           | 46.6        |
-----------------------------------------
-----------------------------------------
| rollout/                |             |
|    ep_len_mean          | 449         |
|    ep_rew_mean          | 248         |
| time/                   |             |
|    fps                  | 66          |
|    iterations           | 15          |
|    time_elapsed         | 1858        |
|    total_timesteps      | 122880      |
| train/                  |             |
|    approx_kl            | 0.042007715 |
|    clip_fraction        | 0.308       |
|    clip_range           | 0.2         |
|    entropy_loss         | -3.2        |
|    explained_variance   | 0.973       |
|    learning_rate        | 0.0003      |
|    loss                 | 26.5        |
|    n_updates            | 140         |
|    policy_gradient_loss | 0.0263      |
|    value_loss           | 58.1        |
-----------------------------------------
-----------------------------------------
| rollout/                |             |
|    ep_len_mean          | 455         |
|    ep_rew_mean          | 239         |
| time/                   |             |
|    fps                  | 66          |
|    iterations           | 16          |
|    time_elapsed         | 1972        |
|    total_timesteps      | 131072      |
| train/                  |             |
|    approx_kl            | 0.013222668 |
|    clip_fraction        | 0.105       |
|    clip_range           | 0.2         |
|    entropy_loss         | -3.19       |
|    explained_variance   | 0.978       |
|    learning_rate        | 0.0003      |
|    loss                 | 3.54        |
|    n_updates            | 150         |
|    policy_gradient_loss | -0.0035     |
|    value_loss           | 47          |
-----------------------------------------
-----------------------------------------
| rollout/                |             |
|    ep_len_mean          | 460         |
|    ep_rew_mean          | 242         |
| time/                   |             |
|    fps                  | 66          |
|    iterations           | 17          |
|    time_elapsed         | 2085        |
|    total_timesteps      | 139264      |
| train/                  |             |
|    approx_kl            | 0.018034559 |
|    clip_fraction        | 0.136       |
|    clip_range           | 0.2         |
|    entropy_loss         | -3.23       |
|    explained_variance   | 0.982       |
|    learning_rate        | 0.0003      |
|    loss                 | 32.6        |
|    n_updates            | 160         |
|    policy_gradient_loss | 0.000226    |
|    value_loss           | 36          |
-----------------------------------------
-----------------------------------------
| rollout/                |             |
|    ep_len_mean          | 462         |
|    ep_rew_mean          | 242         |
| time/                   |             |
|    fps                  | 67          |
|    iterations           | 18          |
|    time_elapsed         | 2196        |
|    total_timesteps      | 147456      |
| train/                  |             |
|    approx_kl            | 0.012010471 |
|    clip_fraction        | 0.108       |
|    clip_range           | 0.2         |
|    entropy_loss         | -3.25       |
|    explained_variance   | 0.978       |
|    learning_rate        | 0.0003      |
|    loss                 | 26.3        |
|    n_updates            | 170         |
|    policy_gradient_loss | -0.00388    |
|    value_loss           | 69.6        |
-----------------------------------------
-----------------------------------------
| rollout/                |             |
|    ep_len_mean          | 464         |
|    ep_rew_mean          | 241         |
| time/                   |             |
|    fps                  | 67          |
|    iterations           | 19          |
|    time_elapsed         | 2309        |
|    total_timesteps      | 155648      |
| train/                  |             |
|    approx_kl            | 0.011390304 |
|    clip_fraction        | 0.0935      |
|    clip_range           | 0.2         |
|    entropy_loss         | -3.09       |
|    explained_variance   | 0.98        |
|    learning_rate        | 0.0003      |
|    loss                 | 139         |
|    n_updates            | 180         |
|    policy_gradient_loss | -0.00277    |
|    value_loss           | 50.5        |
-----------------------------------------
-----------------------------------------
| rollout/                |             |
|    ep_len_mean          | 467         |
|    ep_rew_mean          | 245         |
| time/                   |             |
|    fps                  | 67          |
|    iterations           | 20          |
|    time_elapsed         | 2418        |
|    total_timesteps      | 163840      |
| train/                  |             |
|    approx_kl            | 0.011281588 |
|    clip_fraction        | 0.104       |
|    clip_range           | 0.2         |
|    entropy_loss         | -3.12       |
|    explained_variance   | 0.98        |
|    learning_rate        | 0.0003      |
|    loss                 | 2.77        |
|    n_updates            | 190         |
|    policy_gradient_loss | -0.00442    |
|    value_loss           | 55.3        |
-----------------------------------------
-----------------------------------------
| rollout/                |             |
|    ep_len_mean          | 470         |
|    ep_rew_mean          | 240         |
| time/                   |             |
|    fps                  | 68          |
|    iterations           | 21          |
|    time_elapsed         | 2527        |
|    total_timesteps      | 172032      |
| train/                  |             |
|    approx_kl            | 0.010412587 |
|    clip_fraction        | 0.0985      |
|    clip_range           | 0.2         |
|    entropy_loss         | -3.14       |
|    explained_variance   | 0.983       |
|    learning_rate        | 0.0003      |
|    loss                 | 1.84        |
|    n_updates            | 200         |
|    policy_gradient_loss | -0.00518    |
|    value_loss           | 53.6        |
-----------------------------------------
-----------------------------------------
| rollout/                |             |
|    ep_len_mean          | 470         |
|    ep_rew_mean          | 245         |
| time/                   |             |
|    fps                  | 68          |
|    iterations           | 22          |
|    time_elapsed         | 2631        |
|    total_timesteps      | 180224      |
| train/                  |             |
|    approx_kl            | 0.015285408 |
|    clip_fraction        | 0.209       |
|    clip_range           | 0.2         |
|    entropy_loss         | -3.28       |
|    explained_variance   | 0.968       |
|    learning_rate        | 0.0003      |
|    loss                 | 142         |
|    n_updates            | 210         |
|    policy_gradient_loss | -0.00439    |
|    value_loss           | 58.6        |
-----------------------------------------
-----------------------------------------
| rollout/                |             |
|    ep_len_mean          | 469         |
|    ep_rew_mean          | 249         |
| time/                   |             |
|    fps                  | 68          |
|    iterations           | 23          |
|    time_elapsed         | 2741        |
|    total_timesteps      | 188416      |
| train/                  |             |
|    approx_kl            | 0.013035109 |
|    clip_fraction        | 0.125       |
|    clip_range           | 0.2         |
|    entropy_loss         | -3.22       |
|    explained_variance   | 0.975       |
|    learning_rate        | 0.0003      |
|    loss                 | 6.22        |
|    n_updates            | 220         |
|    policy_gradient_loss | -0.00115    |
|    value_loss           | 79.1        |
-----------------------------------------
-----------------------------------------
| rollout/                |             |
|    ep_len_mean          | 468         |
|    ep_rew_mean          | 254         |
| time/                   |             |
|    fps                  | 68          |
|    iterations           | 24          |
|    time_elapsed         | 2853        |
|    total_timesteps      | 196608      |
| train/                  |             |
|    approx_kl            | 0.008891028 |
|    clip_fraction        | 0.0781      |
|    clip_range           | 0.2         |
|    entropy_loss         | -3.09       |
|    explained_variance   | 0.981       |
|    learning_rate        | 0.0003      |
|    loss                 | 9.37        |
|    n_updates            | 230         |
|    policy_gradient_loss | -0.00442    |
|    value_loss           | 55.9        |
-----------------------------------------
----------------------------------------
| rollout/                |            |
|    ep_len_mean          | 468        |
|    ep_rew_mean          | 252        |
| time/                   |            |
|    fps                  | 68         |
|    iterations           | 25         |
|    time_elapsed         | 2970       |
|    total_timesteps      | 204800     |
| train/                  |            |
|    approx_kl            | 0.00921597 |
|    clip_fraction        | 0.102      |
|    clip_range           | 0.2        |
|    entropy_loss         | -3.05      |
|    explained_variance   | 0.979      |
|    learning_rate        | 0.0003     |
|    loss                 | 9          |
|    n_updates            | 240        |
|    policy_gradient_loss | -0.00658   |
|    value_loss           | 52.1       |
----------------------------------------
-----------------------------------------
| rollout/                |             |
|    ep_len_mean          | 468         |
|    ep_rew_mean          | 244         |
| time/                   |             |
|    fps                  | 69          |
|    iterations           | 26          |
|    time_elapsed         | 3084        |
|    total_timesteps      | 212992      |
| train/                  |             |
|    approx_kl            | 0.011026684 |
|    clip_fraction        | 0.129       |
|    clip_range           | 0.2         |
|    entropy_loss         | -3.03       |
|    explained_variance   | 0.987       |
|    learning_rate        | 0.0003      |
|    loss                 | 2.5         |
|    n_updates            | 250         |
|    policy_gradient_loss | -0.00534    |
|    value_loss           | 40.5        |
-----------------------------------------
-----------------------------------------
| rollout/                |             |
|    ep_len_mean          | 465         |
|    ep_rew_mean          | 257         |
| time/                   |             |
|    fps                  | 69          |
|    iterations           | 27          |
|    time_elapsed         | 3195        |
|    total_timesteps      | 221184      |
| train/                  |             |
|    approx_kl            | 0.015891988 |
|    clip_fraction        | 0.145       |
|    clip_range           | 0.2         |
|    entropy_loss         | -3.08       |
|    explained_variance   | 0.979       |
|    learning_rate        | 0.0003      |
|    loss                 | 2.43        |
|    n_updates            | 260         |
|    policy_gradient_loss | -0.00131    |
|    value_loss           | 70.5        |
-----------------------------------------
-----------------------------------------
| rollout/                |             |
|    ep_len_mean          | 466         |
|    ep_rew_mean          | 259         |
| time/                   |             |
|    fps                  | 69          |
|    iterations           | 28          |
|    time_elapsed         | 3304        |
|    total_timesteps      | 229376      |
| train/                  |             |
|    approx_kl            | 0.038728453 |
|    clip_fraction        | 0.118       |
|    clip_range           | 0.2         |
|    entropy_loss         | -2.97       |
|    explained_variance   | 0.982       |
|    learning_rate        | 0.0003      |
|    loss                 | 8.49        |
|    n_updates            | 270         |
|    policy_gradient_loss | -0.00371    |
|    value_loss           | 45          |
-----------------------------------------
-----------------------------------------
| rollout/                |             |
|    ep_len_mean          | 469         |
|    ep_rew_mean          | 255         |
| time/                   |             |
|    fps                  | 69          |
|    iterations           | 29          |
|    time_elapsed         | 3416        |
|    total_timesteps      | 237568      |
| train/                  |             |
|    approx_kl            | 0.011924887 |
|    clip_fraction        | 0.105       |
|    clip_range           | 0.2         |
|    entropy_loss         | -2.94       |
|    explained_variance   | 0.983       |
|    learning_rate        | 0.0003      |
|    loss                 | 1.74        |
|    n_updates            | 280         |
|    policy_gradient_loss | -0.00356    |
|    value_loss           | 43.6        |
-----------------------------------------
-----------------------------------------
| rollout/                |             |
|    ep_len_mean          | 472         |
|    ep_rew_mean          | 251         |
| time/                   |             |
|    fps                  | 69          |
|    iterations           | 30          |
|    time_elapsed         | 3531        |
|    total_timesteps      | 245760      |
| train/                  |             |
|    approx_kl            | 0.010809822 |
|    clip_fraction        | 0.144       |
|    clip_range           | 0.2         |
|    entropy_loss         | -2.95       |
|    explained_variance   | 0.985       |
|    learning_rate        | 0.0003      |
|    loss                 | 25.7        |
|    n_updates            | 290         |
|    policy_gradient_loss | -0.00231    |
|    value_loss           | 52.5        |
-----------------------------------------
-----------------------------------------
| rollout/                |             |
|    ep_len_mean          | 476         |
|    ep_rew_mean          | 250         |
| time/                   |             |
|    fps                  | 69          |
|    iterations           | 31          |
|    time_elapsed         | 3639        |
|    total_timesteps      | 253952      |
| train/                  |             |
|    approx_kl            | 0.011726573 |
|    clip_fraction        | 0.143       |
|    clip_range           | 0.2         |
|    entropy_loss         | -3.08       |
|    explained_variance   | 0.981       |
|    learning_rate        | 0.0003      |
|    loss                 | 3.5         |
|    n_updates            | 300         |
|    policy_gradient_loss | 0.00204     |
|    value_loss           | 90.5        |
-----------------------------------------
----------------------------------------
| rollout/                |            |
|    ep_len_mean          | 476        |
|    ep_rew_mean          | 260        |
| time/                   |            |
|    fps                  | 69         |
|    iterations           | 32         |
|    time_elapsed         | 3745       |
|    total_timesteps      | 262144     |
| train/                  |            |
|    approx_kl            | 0.01231316 |
|    clip_fraction        | 0.173      |
|    clip_range           | 0.2        |
|    entropy_loss         | -3.13      |
|    explained_variance   | 0.982      |
|    learning_rate        | 0.0003     |
|    loss                 | 0.307      |
|    n_updates            | 310        |
|    policy_gradient_loss | 0.00465    |
|    value_loss           | 63.6       |
----------------------------------------
-----------------------------------------
| rollout/                |             |
|    ep_len_mean          | 477         |
|    ep_rew_mean          | 248         |
| time/                   |             |
|    fps                  | 70          |
|    iterations           | 33          |
|    time_elapsed         | 3856        |
|    total_timesteps      | 270336      |
| train/                  |             |
|    approx_kl            | 0.008593836 |
|    clip_fraction        | 0.0454      |
|    clip_range           | 0.2         |
|    entropy_loss         | -3.05       |
|    explained_variance   | 0.987       |
|    learning_rate        | 0.0003      |
|    loss                 | 1.39        |
|    n_updates            | 320         |
|    policy_gradient_loss | -0.0032     |
|    value_loss           | 56.7        |
-----------------------------------------
-----------------------------------------
| rollout/                |             |
|    ep_len_mean          | 482         |
|    ep_rew_mean          | 236         |
| time/                   |             |
|    fps                  | 70          |
|    iterations           | 34          |
|    time_elapsed         | 3963        |
|    total_timesteps      | 278528      |
| train/                  |             |
|    approx_kl            | 0.014014622 |
|    clip_fraction        | 0.117       |
|    clip_range           | 0.2         |
|    entropy_loss         | -3.13       |
|    explained_variance   | 0.97        |
|    learning_rate        | 0.0003      |
|    loss                 | 0.0639      |
|    n_updates            | 330         |
|    policy_gradient_loss | -0.00286    |
|    value_loss           | 75.4        |
-----------------------------------------
-----------------------------------------
| rollout/                |             |
|    ep_len_mean          | 484         |
|    ep_rew_mean          | 236         |
| time/                   |             |
|    fps                  | 70          |
|    iterations           | 35          |
|    time_elapsed         | 4075        |
|    total_timesteps      | 286720      |
| train/                  |             |
|    approx_kl            | 0.014339044 |
|    clip_fraction        | 0.182       |
|    clip_range           | 0.2         |
|    entropy_loss         | -3.26       |
|    explained_variance   | 0.972       |
|    learning_rate        | 0.0003      |
|    loss                 | 5.07        |
|    n_updates            | 340         |
|    policy_gradient_loss | 0.000943    |
|    value_loss           | 116         |
-----------------------------------------
-----------------------------------------
| rollout/                |             |
|    ep_len_mean          | 482         |
|    ep_rew_mean          | 243         |
| time/                   |             |
|    fps                  | 70          |
|    iterations           | 36          |
|    time_elapsed         | 4182        |
|    total_timesteps      | 294912      |
| train/                  |             |
|    approx_kl            | 0.010504371 |
|    clip_fraction        | 0.117       |
|    clip_range           | 0.2         |
|    entropy_loss         | -3.22       |
|    explained_variance   | 0.984       |
|    learning_rate        | 0.0003      |
|    loss                 | 5.28        |
|    n_updates            | 350         |
|    policy_gradient_loss | -0.00245    |
|    value_loss           | 82          |
-----------------------------------------
-----------------------------------------
| rollout/                |             |
|    ep_len_mean          | 483         |
|    ep_rew_mean          | 242         |
| time/                   |             |
|    fps                  | 70          |
|    iterations           | 37          |
|    time_elapsed         | 4293        |
|    total_timesteps      | 303104      |
| train/                  |             |
|    approx_kl            | 0.009949869 |
|    clip_fraction        | 0.0936      |
|    clip_range           | 0.2         |
|    entropy_loss         | -3.17       |
|    explained_variance   | 0.978       |
|    learning_rate        | 0.0003      |
|    loss                 | 0.38        |
|    n_updates            | 360         |
|    policy_gradient_loss | -0.00579    |
|    value_loss           | 88.8        |
-----------------------------------------
-----------------------------------------
| rollout/                |             |
|    ep_len_mean          | 483         |
|    ep_rew_mean          | 234         |
| time/                   |             |
|    fps                  | 70          |
|    iterations           | 38          |
|    time_elapsed         | 4403        |
|    total_timesteps      | 311296      |
| train/                  |             |
|    approx_kl            | 0.012807619 |
|    clip_fraction        | 0.13        |
|    clip_range           | 0.2         |
|    entropy_loss         | -3.2        |
|    explained_variance   | 0.981       |
|    learning_rate        | 0.0003      |
|    loss                 | 5.14        |
|    n_updates            | 370         |
|    policy_gradient_loss | -0.0053     |
|    value_loss           | 65.6        |
-----------------------------------------
-----------------------------------------
| rollout/                |             |
|    ep_len_mean          | 482         |
|    ep_rew_mean          | 243         |
| time/                   |             |
|    fps                  | 70          |
|    iterations           | 39          |
|    time_elapsed         | 4512        |
|    total_timesteps      | 319488      |
| train/                  |             |
|    approx_kl            | 0.015125522 |
|    clip_fraction        | 0.153       |
|    clip_range           | 0.2         |
|    entropy_loss         | -3.17       |
|    explained_variance   | 0.98        |
|    learning_rate        | 0.0003      |
|    loss                 | 287         |
|    n_updates            | 380         |
|    policy_gradient_loss | -0.0043     |
|    value_loss           | 67.8        |
-----------------------------------------
-----------------------------------------
| rollout/                |             |
|    ep_len_mean          | 478         |
|    ep_rew_mean          | 255         |
| time/                   |             |
|    fps                  | 70          |
|    iterations           | 40          |
|    time_elapsed         | 4625        |
|    total_timesteps      | 327680      |
| train/                  |             |
|    approx_kl            | 0.009096801 |
|    clip_fraction        | 0.102       |
|    clip_range           | 0.2         |
|    entropy_loss         | -3.11       |
|    explained_variance   | 0.977       |
|    learning_rate        | 0.0003      |
|    loss                 | 2.12        |
|    n_updates            | 390         |
|    policy_gradient_loss | -0.00457    |
|    value_loss           | 80.2        |
-----------------------------------------
-----------------------------------------
| rollout/                |             |
|    ep_len_mean          | 478         |
|    ep_rew_mean          | 247         |
| time/                   |             |
|    fps                  | 70          |
|    iterations           | 41          |
|    time_elapsed         | 4735        |
|    total_timesteps      | 335872      |
| train/                  |             |
|    approx_kl            | 0.010136273 |
|    clip_fraction        | 0.1         |
|    clip_range           | 0.2         |
|    entropy_loss         | -3.07       |
|    explained_variance   | 0.978       |
|    learning_rate        | 0.0003      |
|    loss                 | 32.7        |
|    n_updates            | 400         |
|    policy_gradient_loss | -0.00322    |
|    value_loss           | 70.6        |
-----------------------------------------
-----------------------------------------
| rollout/                |             |
|    ep_len_mean          | 477         |
|    ep_rew_mean          | 248         |
| time/                   |             |
|    fps                  | 71          |
|    iterations           | 42          |
|    time_elapsed         | 4845        |
|    total_timesteps      | 344064      |
| train/                  |             |
|    approx_kl            | 0.020765577 |
|    clip_fraction        | 0.178       |
|    clip_range           | 0.2         |
|    entropy_loss         | -3.15       |
|    explained_variance   | 0.981       |
|    learning_rate        | 0.0003      |
|    loss                 | 0.0512      |
|    n_updates            | 410         |
|    policy_gradient_loss | -0.00304    |
|    value_loss           | 62.5        |
-----------------------------------------
-----------------------------------------
| rollout/                |             |
|    ep_len_mean          | 476         |
|    ep_rew_mean          | 254         |
| time/                   |             |
|    fps                  | 71          |
|    iterations           | 43          |
|    time_elapsed         | 4956        |
|    total_timesteps      | 352256      |
| train/                  |             |
|    approx_kl            | 0.010987819 |
|    clip_fraction        | 0.132       |
|    clip_range           | 0.2         |
|    entropy_loss         | -3.08       |
|    explained_variance   | 0.979       |
|    learning_rate        | 0.0003      |
|    loss                 | 177         |
|    n_updates            | 420         |
|    policy_gradient_loss | -0.00413    |
|    value_loss           | 81.6        |
-----------------------------------------
----------------------------------------
| rollout/                |            |
|    ep_len_mean          | 478        |
|    ep_rew_mean          | 249        |
| time/                   |            |
|    fps                  | 71         |
|    iterations           | 44         |
|    time_elapsed         | 5061       |
|    total_timesteps      | 360448     |
| train/                  |            |
|    approx_kl            | 0.02199969 |
|    clip_fraction        | 0.211      |
|    clip_range           | 0.2        |
|    entropy_loss         | -3.07      |
|    explained_variance   | 0.984      |
|    learning_rate        | 0.0003     |
|    loss                 | 0.721      |
|    n_updates            | 430        |
|    policy_gradient_loss | 0.00568    |
|    value_loss           | 48.8       |
----------------------------------------
-----------------------------------------
| rollout/                |             |
|    ep_len_mean          | 476         |
|    ep_rew_mean          | 253         |
| time/                   |             |
|    fps                  | 71          |
|    iterations           | 45          |
|    time_elapsed         | 5149        |
|    total_timesteps      | 368640      |
| train/                  |             |
|    approx_kl            | 0.012674753 |
|    clip_fraction        | 0.16        |
|    clip_range           | 0.2         |
|    entropy_loss         | -3.17       |
|    explained_variance   | 0.982       |
|    learning_rate        | 0.0003      |
|    loss                 | 0.857       |
|    n_updates            | 440         |
|    policy_gradient_loss | -0.00281    |
|    value_loss           | 64.9        |
-----------------------------------------
-----------------------------------------
| rollout/                |             |
|    ep_len_mean          | 480         |
|    ep_rew_mean          | 240         |
| time/                   |             |
|    fps                  | 71          |
|    iterations           | 46          |
|    time_elapsed         | 5238        |
|    total_timesteps      | 376832      |
| train/                  |             |
|    approx_kl            | 0.012811623 |
|    clip_fraction        | 0.0884      |
|    clip_range           | 0.2         |
|    entropy_loss         | -3.05       |
|    explained_variance   | 0.982       |
|    learning_rate        | 0.0003      |
|    loss                 | 5.35        |
|    n_updates            | 450         |
|    policy_gradient_loss | -0.00629    |
|    value_loss           | 75          |
-----------------------------------------
-----------------------------------------
| rollout/                |             |
|    ep_len_mean          | 478         |
|    ep_rew_mean          | 245         |
| time/                   |             |
|    fps                  | 72          |
|    iterations           | 47          |
|    time_elapsed         | 5327        |
|    total_timesteps      | 385024      |
| train/                  |             |
|    approx_kl            | 0.012568848 |
|    clip_fraction        | 0.127       |
|    clip_range           | 0.2         |
|    entropy_loss         | -3.18       |
|    explained_variance   | 0.979       |
|    learning_rate        | 0.0003      |
|    loss                 | 1.61        |
|    n_updates            | 460         |
|    policy_gradient_loss | -0.00347    |
|    value_loss           | 71.9        |
-----------------------------------------
-----------------------------------------
| rollout/                |             |
|    ep_len_mean          | 479         |
|    ep_rew_mean          | 238         |
| time/                   |             |
|    fps                  | 72          |
|    iterations           | 48          |
|    time_elapsed         | 5415        |
|    total_timesteps      | 393216      |
| train/                  |             |
|    approx_kl            | 0.010317433 |
|    clip_fraction        | 0.11        |
|    clip_range           | 0.2         |
|    entropy_loss         | -3.04       |
|    explained_variance   | 0.98        |
|    learning_rate        | 0.0003      |
|    loss                 | 3.03        |
|    n_updates            | 470         |
|    policy_gradient_loss | -0.003      |
|    value_loss           | 65.3        |
-----------------------------------------
-----------------------------------------
| rollout/                |             |
|    ep_len_mean          | 478         |
|    ep_rew_mean          | 242         |
| time/                   |             |
|    fps                  | 72          |
|    iterations           | 49          |
|    time_elapsed         | 5504        |
|    total_timesteps      | 401408      |
| train/                  |             |
|    approx_kl            | 0.012516072 |
|    clip_fraction        | 0.173       |
|    clip_range           | 0.2         |
|    entropy_loss         | -3.02       |
|    explained_variance   | 0.984       |
|    learning_rate        | 0.0003      |
|    loss                 | 0.699       |
|    n_updates            | 480         |
|    policy_gradient_loss | -0.00467    |
|    value_loss           | 61.4        |
-----------------------------------------
-----------------------------------------
| rollout/                |             |
|    ep_len_mean          | 477         |
|    ep_rew_mean          | 243         |
| time/                   |             |
|    fps                  | 73          |
|    iterations           | 50          |
|    time_elapsed         | 5592        |
|    total_timesteps      | 409600      |
| train/                  |             |
|    approx_kl            | 0.012070162 |
|    clip_fraction        | 0.0664      |
|    clip_range           | 0.2         |
|    entropy_loss         | -2.92       |
|    explained_variance   | 0.983       |
|    learning_rate        | 0.0003      |
|    loss                 | 15.2        |
|    n_updates            | 490         |
|    policy_gradient_loss | -0.00416    |
|    value_loss           | 53.8        |
-----------------------------------------
-----------------------------------------
| rollout/                |             |
|    ep_len_mean          | 478         |
|    ep_rew_mean          | 241         |
| time/                   |             |
|    fps                  | 73          |
|    iterations           | 51          |
|    time_elapsed         | 5683        |
|    total_timesteps      | 417792      |
| train/                  |             |
|    approx_kl            | 0.012079458 |
|    clip_fraction        | 0.109       |
|    clip_range           | 0.2         |
|    entropy_loss         | -2.93       |
|    explained_variance   | 0.985       |
|    learning_rate        | 0.0003      |
|    loss                 | 15.4        |
|    n_updates            | 500         |
|    policy_gradient_loss | -0.00461    |
|    value_loss           | 56.2        |
-----------------------------------------
-----------------------------------------
| rollout/                |             |
|    ep_len_mean          | 475         |
|    ep_rew_mean          | 256         |
| time/                   |             |
|    fps                  | 73          |
|    iterations           | 52          |
|    time_elapsed         | 5772        |
|    total_timesteps      | 425984      |
| train/                  |             |
|    approx_kl            | 0.012891017 |
|    clip_fraction        | 0.103       |
|    clip_range           | 0.2         |
|    entropy_loss         | -2.91       |
|    explained_variance   | 0.988       |
|    learning_rate        | 0.0003      |
|    loss                 | 6.63        |
|    n_updates            | 510         |
|    policy_gradient_loss | -0.00331    |
|    value_loss           | 46          |
-----------------------------------------
-----------------------------------------
| rollout/                |             |
|    ep_len_mean          | 474         |
|    ep_rew_mean          | 254         |
| time/                   |             |
|    fps                  | 74          |
|    iterations           | 53          |
|    time_elapsed         | 5860        |
|    total_timesteps      | 434176      |
| train/                  |             |
|    approx_kl            | 0.014291018 |
|    clip_fraction        | 0.0852      |
|    clip_range           | 0.2         |
|    entropy_loss         | -2.96       |
|    explained_variance   | 0.989       |
|    learning_rate        | 0.0003      |
|    loss                 | 50          |
|    n_updates            | 520         |
|    policy_gradient_loss | -0.00138    |
|    value_loss           | 35.6        |
-----------------------------------------
-----------------------------------------
| rollout/                |             |
|    ep_len_mean          | 475         |
|    ep_rew_mean          | 252         |
| time/                   |             |
|    fps                  | 74          |
|    iterations           | 54          |
|    time_elapsed         | 5950        |
|    total_timesteps      | 442368      |
| train/                  |             |
|    approx_kl            | 0.013964385 |
|    clip_fraction        | 0.0779      |
|    clip_range           | 0.2         |
|    entropy_loss         | -3.01       |
|    explained_variance   | 0.982       |
|    learning_rate        | 0.0003      |
|    loss                 | 4.32        |
|    n_updates            | 530         |
|    policy_gradient_loss | -0.00303    |
|    value_loss           | 48.3        |
-----------------------------------------
-----------------------------------------
| rollout/                |             |
|    ep_len_mean          | 474         |
|    ep_rew_mean          | 245         |
| time/                   |             |
|    fps                  | 74          |
|    iterations           | 55          |
|    time_elapsed         | 6038        |
|    total_timesteps      | 450560      |
| train/                  |             |
|    approx_kl            | 0.014483789 |
|    clip_fraction        | 0.0929      |
|    clip_range           | 0.2         |
|    entropy_loss         | -3.06       |
|    explained_variance   | 0.987       |
|    learning_rate        | 0.0003      |
|    loss                 | 82.9        |
|    n_updates            | 540         |
|    policy_gradient_loss | -0.00269    |
|    value_loss           | 43.4        |
-----------------------------------------
------------------------------------------
| rollout/                |              |
|    ep_len_mean          | 473          |
|    ep_rew_mean          | 246          |
| time/                   |              |
|    fps                  | 74           |
|    iterations           | 56           |
|    time_elapsed         | 6128         |
|    total_timesteps      | 458752       |
| train/                  |              |
|    approx_kl            | 0.0106821535 |
|    clip_fraction        | 0.0687       |
|    clip_range           | 0.2          |
|    entropy_loss         | -3           |
|    explained_variance   | 0.986        |
|    learning_rate        | 0.0003       |
|    loss                 | 6.83         |
|    n_updates            | 550          |
|    policy_gradient_loss | -0.00307     |
|    value_loss           | 53.3         |
------------------------------------------
----------------------------------------
| rollout/                |            |
|    ep_len_mean          | 471        |
|    ep_rew_mean          | 228        |
| time/                   |            |
|    fps                  | 75         |
|    iterations           | 57         |
|    time_elapsed         | 6218       |
|    total_timesteps      | 466944     |
| train/                  |            |
|    approx_kl            | 0.03980002 |
|    clip_fraction        | 0.114      |
|    clip_range           | 0.2        |
|    entropy_loss         | -3         |
|    explained_variance   | 0.983      |
|    learning_rate        | 0.0003     |
|    loss                 | 29.8       |
|    n_updates            | 560        |
|    policy_gradient_loss | -0.00406   |
|    value_loss           | 52.7       |
----------------------------------------
---------------------------------------
| rollout/                |           |
|    ep_len_mean          | 472       |
|    ep_rew_mean          | 221       |
| time/                   |           |
|    fps                  | 75        |
|    iterations           | 58        |
|    time_elapsed         | 6306      |
|    total_timesteps      | 475136    |
| train/                  |           |
|    approx_kl            | 0.0115751 |
|    clip_fraction        | 0.17      |
|    clip_range           | 0.2       |
|    entropy_loss         | -2.94     |
|    explained_variance   | 0.98      |
|    learning_rate        | 0.0003    |
|    loss                 | 0.561     |
|    n_updates            | 570       |
|    policy_gradient_loss | -0.00387  |
|    value_loss           | 68.9      |
---------------------------------------
-----------------------------------------
| rollout/                |             |
|    ep_len_mean          | 472         |
|    ep_rew_mean          | 216         |
| time/                   |             |
|    fps                  | 75          |
|    iterations           | 59          |
|    time_elapsed         | 6397        |
|    total_timesteps      | 483328      |
| train/                  |             |
|    approx_kl            | 0.013022179 |
|    clip_fraction        | 0.222       |
|    clip_range           | 0.2         |
|    entropy_loss         | -3.01       |
|    explained_variance   | 0.98        |
|    learning_rate        | 0.0003      |
|    loss                 | 121         |
|    n_updates            | 580         |
|    policy_gradient_loss | 0.000869    |
|    value_loss           | 55.1        |
-----------------------------------------
-----------------------------------------
| rollout/                |             |
|    ep_len_mean          | 471         |
|    ep_rew_mean          | 222         |
| time/                   |             |
|    fps                  | 75          |
|    iterations           | 60          |
|    time_elapsed         | 6485        |
|    total_timesteps      | 491520      |
| train/                  |             |
|    approx_kl            | 0.028828986 |
|    clip_fraction        | 0.258       |
|    clip_range           | 0.2         |
|    entropy_loss         | -3.13       |
|    explained_variance   | 0.98        |
|    learning_rate        | 0.0003      |
|    loss                 | 55.9        |
|    n_updates            | 590         |
|    policy_gradient_loss | 0.0168      |
|    value_loss           | 82.9        |
-----------------------------------------
-----------------------------------------
| rollout/                |             |
|    ep_len_mean          | 470         |
|    ep_rew_mean          | 222         |
| time/                   |             |
|    fps                  | 76          |
|    iterations           | 61          |
|    time_elapsed         | 6574        |
|    total_timesteps      | 499712      |
| train/                  |             |
|    approx_kl            | 0.009793003 |
|    clip_fraction        | 0.119       |
|    clip_range           | 0.2         |
|    entropy_loss         | -3.09       |
|    explained_variance   | 0.981       |
|    learning_rate        | 0.0003      |
|    loss                 | 277         |
|    n_updates            | 600         |
|    policy_gradient_loss | -0.00381    |
|    value_loss           | 70.8        |
-----------------------------------------
-----------------------------------------
| rollout/                |             |
|    ep_len_mean          | 469         |
|    ep_rew_mean          | 224         |
| time/                   |             |
|    fps                  | 74          |
|    iterations           | 62          |
|    time_elapsed         | 6788        |
|    total_timesteps      | 507904      |
| train/                  |             |
|    approx_kl            | 0.019351944 |
|    clip_fraction        | 0.216       |
|    clip_range           | 0.2         |
|    entropy_loss         | -3.13       |
|    explained_variance   | 0.977       |
|    learning_rate        | 0.0003      |
|    loss                 | 10.9        |
|    n_updates            | 610         |
|    policy_gradient_loss | 0.0161      |
|    value_loss           | 67.7        |
-----------------------------------------
-----------------------------------------
| rollout/                |             |
|    ep_len_mean          | 471         |
|    ep_rew_mean          | 225         |
| time/                   |             |
|    fps                  | 75          |
|    iterations           | 63          |
|    time_elapsed         | 6873        |
|    total_timesteps      | 516096      |
| train/                  |             |
|    approx_kl            | 0.013629578 |
|    clip_fraction        | 0.201       |
|    clip_range           | 0.2         |
|    entropy_loss         | -3.04       |
|    explained_variance   | 0.974       |
|    learning_rate        | 0.0003      |
|    loss                 | 2.81        |
|    n_updates            | 620         |
|    policy_gradient_loss | -0.00128    |
|    value_loss           | 74.2        |
-----------------------------------------
----------------------------------------
| rollout/                |            |
|    ep_len_mean          | 473        |
|    ep_rew_mean          | 241        |
| time/                   |            |
|    fps                  | 75         |
|    iterations           | 64         |
|    time_elapsed         | 6962       |
|    total_timesteps      | 524288     |
| train/                  |            |
|    approx_kl            | 0.00915517 |
|    clip_fraction        | 0.0781     |
|    clip_range           | 0.2        |
|    entropy_loss         | -3.06      |
|    explained_variance   | 0.982      |
|    learning_rate        | 0.0003     |
|    loss                 | 4.32       |
|    n_updates            | 630        |
|    policy_gradient_loss | -0.00262   |
|    value_loss           | 57.6       |
----------------------------------------
---------------------------------------
| rollout/                |           |
|    ep_len_mean          | 472       |
|    ep_rew_mean          | 239       |
| time/                   |           |
|    fps                  | 75        |
|    iterations           | 65        |
|    time_elapsed         | 7048      |
|    total_timesteps      | 532480    |
| train/                  |           |
|    approx_kl            | 0.0096187 |
|    clip_fraction        | 0.102     |
|    clip_range           | 0.2       |
|    entropy_loss         | -3.02     |
|    explained_variance   | 0.988     |
|    learning_rate        | 0.0003    |
|    loss                 | 4.98      |
|    n_updates            | 640       |
|    policy_gradient_loss | -0.00645  |
|    value_loss           | 46.1      |
---------------------------------------
-----------------------------------------
| rollout/                |             |
|    ep_len_mean          | 472         |
|    ep_rew_mean          | 236         |
| time/                   |             |
|    fps                  | 75          |
|    iterations           | 66          |
|    time_elapsed         | 7136        |
|    total_timesteps      | 540672      |
| train/                  |             |
|    approx_kl            | 0.012267033 |
|    clip_fraction        | 0.233       |
|    clip_range           | 0.2         |
|    entropy_loss         | -3.03       |
|    explained_variance   | 0.978       |
|    learning_rate        | 0.0003      |
|    loss                 | 1.26        |
|    n_updates            | 650         |
|    policy_gradient_loss | 0.00833     |
|    value_loss           | 65.8        |
-----------------------------------------
-----------------------------------------
| rollout/                |             |
|    ep_len_mean          | 474         |
|    ep_rew_mean          | 236         |
| time/                   |             |
|    fps                  | 75          |
|    iterations           | 67          |
|    time_elapsed         | 7224        |
|    total_timesteps      | 548864      |
| train/                  |             |
|    approx_kl            | 0.010255194 |
|    clip_fraction        | 0.119       |
|    clip_range           | 0.2         |
|    entropy_loss         | -3.06       |
|    explained_variance   | 0.981       |
|    learning_rate        | 0.0003      |
|    loss                 | 16.3        |
|    n_updates            | 660         |
|    policy_gradient_loss | -0.000645   |
|    value_loss           | 58.6        |
-----------------------------------------
-----------------------------------------
| rollout/                |             |
|    ep_len_mean          | 475         |
|    ep_rew_mean          | 240         |
| time/                   |             |
|    fps                  | 76          |
|    iterations           | 68          |
|    time_elapsed         | 7314        |
|    total_timesteps      | 557056      |
| train/                  |             |
|    approx_kl            | 0.012884274 |
|    clip_fraction        | 0.108       |
|    clip_range           | 0.2         |
|    entropy_loss         | -3.1        |
|    explained_variance   | 0.974       |
|    learning_rate        | 0.0003      |
|    loss                 | 0.888       |
|    n_updates            | 670         |
|    policy_gradient_loss | -0.00466    |
|    value_loss           | 57.7        |
-----------------------------------------
------------------------------------------
| rollout/                |              |
|    ep_len_mean          | 473          |
|    ep_rew_mean          | 237          |
| time/                   |              |
|    fps                  | 76           |
|    iterations           | 69           |
|    time_elapsed         | 7408         |
|    total_timesteps      | 565248       |
| train/                  |              |
|    approx_kl            | 0.0097071305 |
|    clip_fraction        | 0.173        |
|    clip_range           | 0.2          |
|    entropy_loss         | -3.1         |
|    explained_variance   | 0.98         |
|    learning_rate        | 0.0003       |
|    loss                 | 19.3         |
|    n_updates            | 680          |
|    policy_gradient_loss | 0.00116      |
|    value_loss           | 73.2         |
------------------------------------------
-----------------------------------------
| rollout/                |             |
|    ep_len_mean          | 471         |
|    ep_rew_mean          | 240         |
| time/                   |             |
|    fps                  | 76          |
|    iterations           | 70          |
|    time_elapsed         | 7498        |
|    total_timesteps      | 573440      |
| train/                  |             |
|    approx_kl            | 0.008975951 |
|    clip_fraction        | 0.0882      |
|    clip_range           | 0.2         |
|    entropy_loss         | -3.07       |
|    explained_variance   | 0.981       |
|    learning_rate        | 0.0003      |
|    loss                 | 2.18        |
|    n_updates            | 690         |
|    policy_gradient_loss | -0.00259    |
|    value_loss           | 53.5        |
-----------------------------------------
-----------------------------------------
| rollout/                |             |
|    ep_len_mean          | 471         |
|    ep_rew_mean          | 245         |
| time/                   |             |
|    fps                  | 76          |
|    iterations           | 71          |
|    time_elapsed         | 7589        |
|    total_timesteps      | 581632      |
| train/                  |             |
|    approx_kl            | 0.007613713 |
|    clip_fraction        | 0.113       |
|    clip_range           | 0.2         |
|    entropy_loss         | -3.04       |
|    explained_variance   | 0.985       |
|    learning_rate        | 0.0003      |
|    loss                 | 1.82        |
|    n_updates            | 700         |
|    policy_gradient_loss | -0.00449    |
|    value_loss           | 49.1        |
-----------------------------------------
------------------------------------------
| rollout/                |              |
|    ep_len_mean          | 472          |
|    ep_rew_mean          | 240          |
| time/                   |              |
|    fps                  | 76           |
|    iterations           | 72           |
|    time_elapsed         | 7679         |
|    total_timesteps      | 589824       |
| train/                  |              |
|    approx_kl            | 0.0146457525 |
|    clip_fraction        | 0.139        |
|    clip_range           | 0.2          |
|    entropy_loss         | -3.02        |
|    explained_variance   | 0.984        |
|    learning_rate        | 0.0003       |
|    loss                 | 2.1          |
|    n_updates            | 710          |
|    policy_gradient_loss | 0.00056      |
|    value_loss           | 58.2         |
------------------------------------------
-----------------------------------------
| rollout/                |             |
|    ep_len_mean          | 471         |
|    ep_rew_mean          | 237         |
| time/                   |             |
|    fps                  | 76          |
|    iterations           | 73          |
|    time_elapsed         | 7768        |
|    total_timesteps      | 598016      |
| train/                  |             |
|    approx_kl            | 0.013812486 |
|    clip_fraction        | 0.209       |
|    clip_range           | 0.2         |
|    entropy_loss         | -3.09       |
|    explained_variance   | 0.965       |
|    learning_rate        | 0.0003      |
|    loss                 | 156         |
|    n_updates            | 720         |
|    policy_gradient_loss | 0.00815     |
|    value_loss           | 84.1        |
-----------------------------------------
-----------------------------------------
| rollout/                |             |
|    ep_len_mean          | 474         |
|    ep_rew_mean          | 235         |
| time/                   |             |
|    fps                  | 77          |
|    iterations           | 74          |
|    time_elapsed         | 7863        |
|    total_timesteps      | 606208      |
| train/                  |             |
|    approx_kl            | 0.045562528 |
|    clip_fraction        | 0.259       |
|    clip_range           | 0.2         |
|    entropy_loss         | -3.09       |
|    explained_variance   | 0.979       |
|    learning_rate        | 0.0003      |
|    loss                 | 9.52        |
|    n_updates            | 730         |
|    policy_gradient_loss | 0.000344    |
|    value_loss           | 75          |
-----------------------------------------
-----------------------------------------
| rollout/                |             |
|    ep_len_mean          | 475         |
|    ep_rew_mean          | 249         |
| time/                   |             |
|    fps                  | 77          |
|    iterations           | 75          |
|    time_elapsed         | 7953        |
|    total_timesteps      | 614400      |
| train/                  |             |
|    approx_kl            | 0.014204567 |
|    clip_fraction        | 0.181       |
|    clip_range           | 0.2         |
|    entropy_loss         | -3.21       |
|    explained_variance   | 0.983       |
|    learning_rate        | 0.0003      |
|    loss                 | 28.9        |
|    n_updates            | 740         |
|    policy_gradient_loss | -0.00263    |
|    value_loss           | 55          |
-----------------------------------------
-----------------------------------------
| rollout/                |             |
|    ep_len_mean          | 475         |
|    ep_rew_mean          | 247         |
| time/                   |             |
|    fps                  | 77          |
|    iterations           | 76          |
|    time_elapsed         | 8042        |
|    total_timesteps      | 622592      |
| train/                  |             |
|    approx_kl            | 0.010162534 |
|    clip_fraction        | 0.0938      |
|    clip_range           | 0.2         |
|    entropy_loss         | -3.11       |
|    explained_variance   | 0.981       |
|    learning_rate        | 0.0003      |
|    loss                 | 5.28        |
|    n_updates            | 750         |
|    policy_gradient_loss | -0.0075     |
|    value_loss           | 57.9        |
-----------------------------------------
-----------------------------------------
| rollout/                |             |
|    ep_len_mean          | 474         |
|    ep_rew_mean          | 245         |
| time/                   |             |
|    fps                  | 77          |
|    iterations           | 77          |
|    time_elapsed         | 8132        |
|    total_timesteps      | 630784      |
| train/                  |             |
|    approx_kl            | 0.009417921 |
|    clip_fraction        | 0.065       |
|    clip_range           | 0.2         |
|    entropy_loss         | -3.11       |
|    explained_variance   | 0.978       |
|    learning_rate        | 0.0003      |
|    loss                 | 11.3        |
|    n_updates            | 760         |
|    policy_gradient_loss | -0.00427    |
|    value_loss           | 46.8        |
-----------------------------------------
-----------------------------------------
| rollout/                |             |
|    ep_len_mean          | 474         |
|    ep_rew_mean          | 238         |
| time/                   |             |
|    fps                  | 77          |
|    iterations           | 78          |
|    time_elapsed         | 8224        |
|    total_timesteps      | 638976      |
| train/                  |             |
|    approx_kl            | 0.010471653 |
|    clip_fraction        | 0.121       |
|    clip_range           | 0.2         |
|    entropy_loss         | -3.07       |
|    explained_variance   | 0.987       |
|    learning_rate        | 0.0003      |
|    loss                 | 4.59        |
|    n_updates            | 770         |
|    policy_gradient_loss | -0.00488    |
|    value_loss           | 44          |
-----------------------------------------
------------------------------------------
| rollout/                |              |
|    ep_len_mean          | 474          |
|    ep_rew_mean          | 244          |
| time/                   |              |
|    fps                  | 77           |
|    iterations           | 79           |
|    time_elapsed         | 8314         |
|    total_timesteps      | 647168       |
| train/                  |              |
|    approx_kl            | 0.0122698825 |
|    clip_fraction        | 0.266        |
|    clip_range           | 0.2          |
|    entropy_loss         | -3.2         |
|    explained_variance   | 0.972        |
|    learning_rate        | 0.0003       |
|    loss                 | 197          |
|    n_updates            | 780          |
|    policy_gradient_loss | 0.0227       |
|    value_loss           | 48.4         |
------------------------------------------
-----------------------------------------
| rollout/                |             |
|    ep_len_mean          | 472         |
|    ep_rew_mean          | 249         |
| time/                   |             |
|    fps                  | 77          |
|    iterations           | 80          |
|    time_elapsed         | 8415        |
|    total_timesteps      | 655360      |
| train/                  |             |
|    approx_kl            | 0.015345706 |
|    clip_fraction        | 0.152       |
|    clip_range           | 0.2         |
|    entropy_loss         | -3.13       |
|    explained_variance   | 0.981       |
|    learning_rate        | 0.0003      |
|    loss                 | 71.5        |
|    n_updates            | 790         |
|    policy_gradient_loss | 0.0015      |
|    value_loss           | 67.3        |
-----------------------------------------
-----------------------------------------
| rollout/                |             |
|    ep_len_mean          | 471         |
|    ep_rew_mean          | 243         |
| time/                   |             |
|    fps                  | 77          |
|    iterations           | 81          |
|    time_elapsed         | 8509        |
|    total_timesteps      | 663552      |
| train/                  |             |
|    approx_kl            | 0.011960417 |
|    clip_fraction        | 0.0881      |
|    clip_range           | 0.2         |
|    entropy_loss         | -3.12       |
|    explained_variance   | 0.986       |
|    learning_rate        | 0.0003      |
|    loss                 | 9.99        |
|    n_updates            | 800         |
|    policy_gradient_loss | -0.00459    |
|    value_loss           | 56          |
-----------------------------------------
----------------------------------------
| rollout/                |            |
|    ep_len_mean          | 472        |
|    ep_rew_mean          | 239        |
| time/                   |            |
|    fps                  | 78         |
|    iterations           | 82         |
|    time_elapsed         | 8605       |
|    total_timesteps      | 671744     |
| train/                  |            |
|    approx_kl            | 0.01438501 |
|    clip_fraction        | 0.115      |
|    clip_range           | 0.2        |
|    entropy_loss         | -3.13      |
|    explained_variance   | 0.983      |
|    learning_rate        | 0.0003     |
|    loss                 | 166        |
|    n_updates            | 810        |
|    policy_gradient_loss | -0.002     |
|    value_loss           | 52         |
----------------------------------------
-----------------------------------------
| rollout/                |             |
|    ep_len_mean          | 471         |
|    ep_rew_mean          | 235         |
| time/                   |             |
|    fps                  | 78          |
|    iterations           | 83          |
|    time_elapsed         | 8698        |
|    total_timesteps      | 679936      |
| train/                  |             |
|    approx_kl            | 0.030536175 |
|    clip_fraction        | 0.228       |
|    clip_range           | 0.2         |
|    entropy_loss         | -3.22       |
|    explained_variance   | 0.974       |
|    learning_rate        | 0.0003      |
|    loss                 | 231         |
|    n_updates            | 820         |
|    policy_gradient_loss | 0.0163      |
|    value_loss           | 70.1        |
-----------------------------------------
-----------------------------------------
| rollout/                |             |
|    ep_len_mean          | 467         |
|    ep_rew_mean          | 251         |
| time/                   |             |
|    fps                  | 78          |
|    iterations           | 84          |
|    time_elapsed         | 8787        |
|    total_timesteps      | 688128      |
| train/                  |             |
|    approx_kl            | 0.007893547 |
|    clip_fraction        | 0.0361      |
|    clip_range           | 0.2         |
|    entropy_loss         | -3.07       |
|    explained_variance   | 0.986       |
|    learning_rate        | 0.0003      |
|    loss                 | 9.32        |
|    n_updates            | 830         |
|    policy_gradient_loss | -0.00392    |
|    value_loss           | 52.5        |
-----------------------------------------
-----------------------------------------
| rollout/                |             |
|    ep_len_mean          | 467         |
|    ep_rew_mean          | 251         |
| time/                   |             |
|    fps                  | 78          |
|    iterations           | 85          |
|    time_elapsed         | 8875        |
|    total_timesteps      | 696320      |
| train/                  |             |
|    approx_kl            | 0.008614993 |
|    clip_fraction        | 0.102       |
|    clip_range           | 0.2         |
|    entropy_loss         | -3.07       |
|    explained_variance   | 0.986       |
|    learning_rate        | 0.0003      |
|    loss                 | 1.87        |
|    n_updates            | 840         |
|    policy_gradient_loss | -0.00108    |
|    value_loss           | 45.2        |
-----------------------------------------
-----------------------------------------
| rollout/                |             |
|    ep_len_mean          | 465         |
|    ep_rew_mean          | 257         |
| time/                   |             |
|    fps                  | 78          |
|    iterations           | 86          |
|    time_elapsed         | 8964        |
|    total_timesteps      | 704512      |
| train/                  |             |
|    approx_kl            | 0.012154423 |
|    clip_fraction        | 0.0856      |
|    clip_range           | 0.2         |
|    entropy_loss         | -2.98       |
|    explained_variance   | 0.988       |
|    learning_rate        | 0.0003      |
|    loss                 | 12.7        |
|    n_updates            | 850         |
|    policy_gradient_loss | -0.00608    |
|    value_loss           | 51.5        |
-----------------------------------------
-----------------------------------------
| rollout/                |             |
|    ep_len_mean          | 465         |
|    ep_rew_mean          | 251         |
| time/                   |             |
|    fps                  | 78          |
|    iterations           | 87          |
|    time_elapsed         | 9058        |
|    total_timesteps      | 712704      |
| train/                  |             |
|    approx_kl            | 0.011480667 |
|    clip_fraction        | 0.0746      |
|    clip_range           | 0.2         |
|    entropy_loss         | -2.98       |
|    explained_variance   | 0.979       |
|    learning_rate        | 0.0003      |
|    loss                 | 7.1         |
|    n_updates            | 860         |
|    policy_gradient_loss | -0.00142    |
|    value_loss           | 73.4        |
-----------------------------------------
-----------------------------------------
| rollout/                |             |
|    ep_len_mean          | 463         |
|    ep_rew_mean          | 253         |
| time/                   |             |
|    fps                  | 78          |
|    iterations           | 88          |
|    time_elapsed         | 9159        |
|    total_timesteps      | 720896      |
| train/                  |             |
|    approx_kl            | 0.009780478 |
|    clip_fraction        | 0.121       |
|    clip_range           | 0.2         |
|    entropy_loss         | -3.06       |
|    explained_variance   | 0.968       |
|    learning_rate        | 0.0003      |
|    loss                 | 6.79        |
|    n_updates            | 870         |
|    policy_gradient_loss | -0.00309    |
|    value_loss           | 85.8        |
-----------------------------------------
-----------------------------------------
| rollout/                |             |
|    ep_len_mean          | 463         |
|    ep_rew_mean          | 261         |
| time/                   |             |
|    fps                  | 78          |
|    iterations           | 89          |
|    time_elapsed         | 9259        |
|    total_timesteps      | 729088      |
| train/                  |             |
|    approx_kl            | 0.016573802 |
|    clip_fraction        | 0.199       |
|    clip_range           | 0.2         |
|    entropy_loss         | -3.05       |
|    explained_variance   | 0.986       |
|    learning_rate        | 0.0003      |
|    loss                 | 0.0365      |
|    n_updates            | 880         |
|    policy_gradient_loss | 0.00275     |
|    value_loss           | 57.8        |
-----------------------------------------
------------------------------------------
| rollout/                |              |
|    ep_len_mean          | 466          |
|    ep_rew_mean          | 250          |
| time/                   |              |
|    fps                  | 78           |
|    iterations           | 90           |
|    time_elapsed         | 9351         |
|    total_timesteps      | 737280       |
| train/                  |              |
|    approx_kl            | 0.0108559355 |
|    clip_fraction        | 0.0677       |
|    clip_range           | 0.2          |
|    entropy_loss         | -2.96        |
|    explained_variance   | 0.976        |
|    learning_rate        | 0.0003       |
|    loss                 | 80.1         |
|    n_updates            | 890          |
|    policy_gradient_loss | -0.00309     |
|    value_loss           | 69           |
------------------------------------------
-----------------------------------------
| rollout/                |             |
|    ep_len_mean          | 468         |
|    ep_rew_mean          | 241         |
| time/                   |             |
|    fps                  | 78          |
|    iterations           | 91          |
|    time_elapsed         | 9444        |
|    total_timesteps      | 745472      |
| train/                  |             |
|    approx_kl            | 0.015403553 |
|    clip_fraction        | 0.13        |
|    clip_range           | 0.2         |
|    entropy_loss         | -3.02       |
|    explained_variance   | 0.983       |
|    learning_rate        | 0.0003      |
|    loss                 | 7.05        |
|    n_updates            | 900         |
|    policy_gradient_loss | -0.00378    |
|    value_loss           | 50.2        |
-----------------------------------------
----------------------------------------
| rollout/                |            |
|    ep_len_mean          | 470        |
|    ep_rew_mean          | 243        |
| time/                   |            |
|    fps                  | 79         |
|    iterations           | 92         |
|    time_elapsed         | 9538       |
|    total_timesteps      | 753664     |
| train/                  |            |
|    approx_kl            | 0.02062999 |
|    clip_fraction        | 0.127      |
|    clip_range           | 0.2        |
|    entropy_loss         | -3.07      |
|    explained_variance   | 0.979      |
|    learning_rate        | 0.0003     |
|    loss                 | 130        |
|    n_updates            | 910        |
|    policy_gradient_loss | 9.6e-06    |
|    value_loss           | 65.2       |
----------------------------------------
-----------------------------------------
| rollout/                |             |
|    ep_len_mean          | 472         |
|    ep_rew_mean          | 246         |
| time/                   |             |
|    fps                  | 79          |
|    iterations           | 93          |
|    time_elapsed         | 9630        |
|    total_timesteps      | 761856      |
| train/                  |             |
|    approx_kl            | 0.009228988 |
|    clip_fraction        | 0.107       |
|    clip_range           | 0.2         |
|    entropy_loss         | -3.09       |
|    explained_variance   | 0.988       |
|    learning_rate        | 0.0003      |
|    loss                 | 1.3         |
|    n_updates            | 920         |
|    policy_gradient_loss | 0.00228     |
|    value_loss           | 50.5        |
-----------------------------------------
----------------------------------------
| rollout/                |            |
|    ep_len_mean          | 476        |
|    ep_rew_mean          | 238        |
| time/                   |            |
|    fps                  | 79         |
|    iterations           | 94         |
|    time_elapsed         | 9720       |
|    total_timesteps      | 770048     |
| train/                  |            |
|    approx_kl            | 0.01093105 |
|    clip_fraction        | 0.0711     |
|    clip_range           | 0.2        |
|    entropy_loss         | -3.02      |
|    explained_variance   | 0.98       |
|    learning_rate        | 0.0003     |
|    loss                 | 0.963      |
|    n_updates            | 930        |
|    policy_gradient_loss | -0.00629   |
|    value_loss           | 54.3       |
----------------------------------------
-----------------------------------------
| rollout/                |             |
|    ep_len_mean          | 477         |
|    ep_rew_mean          | 227         |
| time/                   |             |
|    fps                  | 79          |
|    iterations           | 95          |
|    time_elapsed         | 9810        |
|    total_timesteps      | 778240      |
| train/                  |             |
|    approx_kl            | 0.011863614 |
|    clip_fraction        | 0.0815      |
|    clip_range           | 0.2         |
|    entropy_loss         | -3          |
|    explained_variance   | 0.979       |
|    learning_rate        | 0.0003      |
|    loss                 | 1.64        |
|    n_updates            | 940         |
|    policy_gradient_loss | -0.00432    |
|    value_loss           | 68.2        |
-----------------------------------------
-----------------------------------------
| rollout/                |             |
|    ep_len_mean          | 476         |
|    ep_rew_mean          | 227         |
| time/                   |             |
|    fps                  | 79          |
|    iterations           | 96          |
|    time_elapsed         | 9905        |
|    total_timesteps      | 786432      |
| train/                  |             |
|    approx_kl            | 0.015952706 |
|    clip_fraction        | 0.146       |
|    clip_range           | 0.2         |
|    entropy_loss         | -3.02       |
|    explained_variance   | 0.975       |
|    learning_rate        | 0.0003      |
|    loss                 | 49.6        |
|    n_updates            | 950         |
|    policy_gradient_loss | -0.00849    |
|    value_loss           | 67          |
-----------------------------------------
-----------------------------------------
| rollout/                |             |
|    ep_len_mean          | 474         |
|    ep_rew_mean          | 231         |
| time/                   |             |
|    fps                  | 79          |
|    iterations           | 97          |
|    time_elapsed         | 10002       |
|    total_timesteps      | 794624      |
| train/                  |             |
|    approx_kl            | 0.007907494 |
|    clip_fraction        | 0.0841      |
|    clip_range           | 0.2         |
|    entropy_loss         | -2.94       |
|    explained_variance   | 0.985       |
|    learning_rate        | 0.0003      |
|    loss                 | 3.95        |
|    n_updates            | 960         |
|    policy_gradient_loss | -0.003      |
|    value_loss           | 53.1        |
-----------------------------------------
-----------------------------------------
| rollout/                |             |
|    ep_len_mean          | 471         |
|    ep_rew_mean          | 231         |
| time/                   |             |
|    fps                  | 79          |
|    iterations           | 98          |
|    time_elapsed         | 10104       |
|    total_timesteps      | 802816      |
| train/                  |             |
|    approx_kl            | 0.008659957 |
|    clip_fraction        | 0.0813      |
|    clip_range           | 0.2         |
|    entropy_loss         | -2.91       |
|    explained_variance   | 0.984       |
|    learning_rate        | 0.0003      |
|    loss                 | 7.98        |
|    n_updates            | 970         |
|    policy_gradient_loss | -0.0021     |
|    value_loss           | 59.6        |
-----------------------------------------
saved checkpoint: runs/checkpoints/v3/lstm_v3_bandenc_noprior_seed0/lstm_v3_bandenc_noprior_seed0.zip
saved manifest:   runs\checkpoints\v3\lstm_v3_bandenc_noprior_seed0\lstm_v3_bandenc_noprior_seed0.json
