Using cuda device
Wrapping the env with a `Monitor` wrapper
Wrapping the env in a DummyVecEnv.
---------------------------------
| rollout/           |          |
|    ep_len_mean     | 498      |
|    ep_rew_mean     | 203      |
| time/              |          |
|    fps             | 214      |
|    iterations      | 1        |
|    time_elapsed    | 38       |
|    total_timesteps | 8192     |
---------------------------------
-----------------------------------------
| rollout/                |             |
|    ep_len_mean          | 493         |
|    ep_rew_mean          | 202         |
| time/                   |             |
|    fps                  | 117         |
|    iterations           | 2           |
|    time_elapsed         | 139         |
|    total_timesteps      | 16384       |
| train/                  |             |
|    approx_kl            | 0.016623607 |
|    clip_fraction        | 0.295       |
|    clip_range           | 0.2         |
|    entropy_loss         | -3.57       |
|    explained_variance   | 0.00259     |
|    learning_rate        | 0.0003      |
|    loss                 | 4.42        |
|    n_updates            | 10          |
|    policy_gradient_loss | -0.0247     |
|    value_loss           | 13.6        |
-----------------------------------------
-----------------------------------------
| rollout/                |             |
|    ep_len_mean          | 489         |
|    ep_rew_mean          | 215         |
| time/                   |             |
|    fps                  | 101         |
|    iterations           | 3           |
|    time_elapsed         | 241         |
|    total_timesteps      | 24576       |
| train/                  |             |
|    approx_kl            | 0.013400483 |
|    clip_fraction        | 0.154       |
|    clip_range           | 0.2         |
|    entropy_loss         | -3.55       |
|    explained_variance   | 0.00343     |
|    learning_rate        | 0.0003      |
|    loss                 | 10.5        |
|    n_updates            | 20          |
|    policy_gradient_loss | -0.00607    |
|    value_loss           | 29.9        |
-----------------------------------------
-----------------------------------------
| rollout/                |             |
|    ep_len_mean          | 485         |
|    ep_rew_mean          | 217         |
| time/                   |             |
|    fps                  | 100         |
|    iterations           | 4           |
|    time_elapsed         | 325         |
|    total_timesteps      | 32768       |
| train/                  |             |
|    approx_kl            | 0.016488712 |
|    clip_fraction        | 0.181       |
|    clip_range           | 0.2         |
|    entropy_loss         | -3.51       |
|    explained_variance   | 0.0824      |
|    learning_rate        | 0.0003      |
|    loss                 | 0.996       |
|    n_updates            | 30          |
|    policy_gradient_loss | -0.0136     |
|    value_loss           | 34.3        |
-----------------------------------------
-----------------------------------------
| rollout/                |             |
|    ep_len_mean          | 480         |
|    ep_rew_mean          | 223         |
| time/                   |             |
|    fps                  | 100         |
|    iterations           | 5           |
|    time_elapsed         | 408         |
|    total_timesteps      | 40960       |
| train/                  |             |
|    approx_kl            | 0.014515873 |
|    clip_fraction        | 0.115       |
|    clip_range           | 0.2         |
|    entropy_loss         | -3.46       |
|    explained_variance   | 0.432       |
|    learning_rate        | 0.0003      |
|    loss                 | 31.7        |
|    n_updates            | 40          |
|    policy_gradient_loss | -0.00794    |
|    value_loss           | 45.5        |
-----------------------------------------
-----------------------------------------
| rollout/                |             |
|    ep_len_mean          | 475         |
|    ep_rew_mean          | 222         |
| time/                   |             |
|    fps                  | 99          |
|    iterations           | 6           |
|    time_elapsed         | 493         |
|    total_timesteps      | 49152       |
| train/                  |             |
|    approx_kl            | 0.015141522 |
|    clip_fraction        | 0.146       |
|    clip_range           | 0.2         |
|    entropy_loss         | -3.37       |
|    explained_variance   | 0.66        |
|    learning_rate        | 0.0003      |
|    loss                 | 13.2        |
|    n_updates            | 50          |
|    policy_gradient_loss | -0.0144     |
|    value_loss           | 41.5        |
-----------------------------------------
-----------------------------------------
| rollout/                |             |
|    ep_len_mean          | 468         |
|    ep_rew_mean          | 226         |
| time/                   |             |
|    fps                  | 99          |
|    iterations           | 7           |
|    time_elapsed         | 578         |
|    total_timesteps      | 57344       |
| train/                  |             |
|    approx_kl            | 0.012883832 |
|    clip_fraction        | 0.105       |
|    clip_range           | 0.2         |
|    entropy_loss         | -3.31       |
|    explained_variance   | 0.813       |
|    learning_rate        | 0.0003      |
|    loss                 | 14.5        |
|    n_updates            | 60          |
|    policy_gradient_loss | -0.00741    |
|    value_loss           | 33.6        |
-----------------------------------------
----------------------------------------
| rollout/                |            |
|    ep_len_mean          | 462        |
|    ep_rew_mean          | 225        |
| time/                   |            |
|    fps                  | 98         |
|    iterations           | 8          |
|    time_elapsed         | 662        |
|    total_timesteps      | 65536      |
| train/                  |            |
|    approx_kl            | 0.01341343 |
|    clip_fraction        | 0.0922     |
|    clip_range           | 0.2        |
|    entropy_loss         | -3.27      |
|    explained_variance   | 0.877      |
|    learning_rate        | 0.0003     |
|    loss                 | 1.32       |
|    n_updates            | 70         |
|    policy_gradient_loss | -0.00789   |
|    value_loss           | 37.3       |
----------------------------------------
-----------------------------------------
| rollout/                |             |
|    ep_len_mean          | 454         |
|    ep_rew_mean          | 224         |
| time/                   |             |
|    fps                  | 98          |
|    iterations           | 9           |
|    time_elapsed         | 746         |
|    total_timesteps      | 73728       |
| train/                  |             |
|    approx_kl            | 0.011903895 |
|    clip_fraction        | 0.0583      |
|    clip_range           | 0.2         |
|    entropy_loss         | -3.24       |
|    explained_variance   | 0.926       |
|    learning_rate        | 0.0003      |
|    loss                 | 15.2        |
|    n_updates            | 80          |
|    policy_gradient_loss | -0.00437    |
|    value_loss           | 42.6        |
-----------------------------------------
-----------------------------------------
| rollout/                |             |
|    ep_len_mean          | 450         |
|    ep_rew_mean          | 229         |
| time/                   |             |
|    fps                  | 98          |
|    iterations           | 10          |
|    time_elapsed         | 831         |
|    total_timesteps      | 81920       |
| train/                  |             |
|    approx_kl            | 0.009478843 |
|    clip_fraction        | 0.0697      |
|    clip_range           | 0.2         |
|    entropy_loss         | -3.2        |
|    explained_variance   | 0.941       |
|    learning_rate        | 0.0003      |
|    loss                 | 13.8        |
|    n_updates            | 90          |
|    policy_gradient_loss | -0.00522    |
|    value_loss           | 38.7        |
-----------------------------------------
-----------------------------------------
| rollout/                |             |
|    ep_len_mean          | 447         |
|    ep_rew_mean          | 237         |
| time/                   |             |
|    fps                  | 98          |
|    iterations           | 11          |
|    time_elapsed         | 913         |
|    total_timesteps      | 90112       |
| train/                  |             |
|    approx_kl            | 0.012535498 |
|    clip_fraction        | 0.155       |
|    clip_range           | 0.2         |
|    entropy_loss         | -3.16       |
|    explained_variance   | 0.947       |
|    learning_rate        | 0.0003      |
|    loss                 | 20.8        |
|    n_updates            | 100         |
|    policy_gradient_loss | -0.00292    |
|    value_loss           | 47.5        |
-----------------------------------------
-----------------------------------------
| rollout/                |             |
|    ep_len_mean          | 445         |
|    ep_rew_mean          | 244         |
| time/                   |             |
|    fps                  | 98          |
|    iterations           | 12          |
|    time_elapsed         | 996         |
|    total_timesteps      | 98304       |
| train/                  |             |
|    approx_kl            | 0.013476646 |
|    clip_fraction        | 0.0917      |
|    clip_range           | 0.2         |
|    entropy_loss         | -3.16       |
|    explained_variance   | 0.963       |
|    learning_rate        | 0.0003      |
|    loss                 | 19.1        |
|    n_updates            | 110         |
|    policy_gradient_loss | -0.00739    |
|    value_loss           | 46.2        |
-----------------------------------------
-----------------------------------------
| rollout/                |             |
|    ep_len_mean          | 442         |
|    ep_rew_mean          | 252         |
| time/                   |             |
|    fps                  | 98          |
|    iterations           | 13          |
|    time_elapsed         | 1079        |
|    total_timesteps      | 106496      |
| train/                  |             |
|    approx_kl            | 0.011424195 |
|    clip_fraction        | 0.125       |
|    clip_range           | 0.2         |
|    entropy_loss         | -3.08       |
|    explained_variance   | 0.968       |
|    learning_rate        | 0.0003      |
|    loss                 | 25.1        |
|    n_updates            | 120         |
|    policy_gradient_loss | -0.00692    |
|    value_loss           | 35.2        |
-----------------------------------------
-----------------------------------------
| rollout/                |             |
|    ep_len_mean          | 444         |
|    ep_rew_mean          | 255         |
| time/                   |             |
|    fps                  | 98          |
|    iterations           | 14          |
|    time_elapsed         | 1163        |
|    total_timesteps      | 114688      |
| train/                  |             |
|    approx_kl            | 0.013203598 |
|    clip_fraction        | 0.129       |
|    clip_range           | 0.2         |
|    entropy_loss         | -3.12       |
|    explained_variance   | 0.968       |
|    learning_rate        | 0.0003      |
|    loss                 | 1.42        |
|    n_updates            | 130         |
|    policy_gradient_loss | -0.00621    |
|    value_loss           | 40.8        |
-----------------------------------------
------------------------------------------
| rollout/                |              |
|    ep_len_mean          | 444          |
|    ep_rew_mean          | 255          |
| time/                   |              |
|    fps                  | 98           |
|    iterations           | 15           |
|    time_elapsed         | 1245         |
|    total_timesteps      | 122880       |
| train/                  |              |
|    approx_kl            | 0.0106128175 |
|    clip_fraction        | 0.0993       |
|    clip_range           | 0.2          |
|    entropy_loss         | -3.12        |
|    explained_variance   | 0.973        |
|    learning_rate        | 0.0003       |
|    loss                 | 11.8         |
|    n_updates            | 140          |
|    policy_gradient_loss | -0.00378     |
|    value_loss           | 51           |
------------------------------------------
-----------------------------------------
| rollout/                |             |
|    ep_len_mean          | 446         |
|    ep_rew_mean          | 258         |
| time/                   |             |
|    fps                  | 98          |
|    iterations           | 16          |
|    time_elapsed         | 1327        |
|    total_timesteps      | 131072      |
| train/                  |             |
|    approx_kl            | 0.010488505 |
|    clip_fraction        | 0.0937      |
|    clip_range           | 0.2         |
|    entropy_loss         | -3.12       |
|    explained_variance   | 0.974       |
|    learning_rate        | 0.0003      |
|    loss                 | 3.82        |
|    n_updates            | 150         |
|    policy_gradient_loss | -0.00546    |
|    value_loss           | 47.2        |
-----------------------------------------
-----------------------------------------
| rollout/                |             |
|    ep_len_mean          | 447         |
|    ep_rew_mean          | 249         |
| time/                   |             |
|    fps                  | 98          |
|    iterations           | 17          |
|    time_elapsed         | 1410        |
|    total_timesteps      | 139264      |
| train/                  |             |
|    approx_kl            | 0.010928096 |
|    clip_fraction        | 0.113       |
|    clip_range           | 0.2         |
|    entropy_loss         | -3.11       |
|    explained_variance   | 0.982       |
|    learning_rate        | 0.0003      |
|    loss                 | 15          |
|    n_updates            | 160         |
|    policy_gradient_loss | -0.00435    |
|    value_loss           | 36.5        |
-----------------------------------------
-----------------------------------------
| rollout/                |             |
|    ep_len_mean          | 447         |
|    ep_rew_mean          | 244         |
| time/                   |             |
|    fps                  | 98          |
|    iterations           | 18          |
|    time_elapsed         | 1494        |
|    total_timesteps      | 147456      |
| train/                  |             |
|    approx_kl            | 0.013278464 |
|    clip_fraction        | 0.123       |
|    clip_range           | 0.2         |
|    entropy_loss         | -3.14       |
|    explained_variance   | 0.98        |
|    learning_rate        | 0.0003      |
|    loss                 | 2.45        |
|    n_updates            | 170         |
|    policy_gradient_loss | -0.0047     |
|    value_loss           | 43.5        |
-----------------------------------------
-----------------------------------------
| rollout/                |             |
|    ep_len_mean          | 446         |
|    ep_rew_mean          | 254         |
| time/                   |             |
|    fps                  | 98          |
|    iterations           | 19          |
|    time_elapsed         | 1576        |
|    total_timesteps      | 155648      |
| train/                  |             |
|    approx_kl            | 0.010627169 |
|    clip_fraction        | 0.1         |
|    clip_range           | 0.2         |
|    entropy_loss         | -3.05       |
|    explained_variance   | 0.981       |
|    learning_rate        | 0.0003      |
|    loss                 | 41.1        |
|    n_updates            | 180         |
|    policy_gradient_loss | -0.00488    |
|    value_loss           | 32.4        |
-----------------------------------------
-----------------------------------------
| rollout/                |             |
|    ep_len_mean          | 447         |
|    ep_rew_mean          | 242         |
| time/                   |             |
|    fps                  | 98          |
|    iterations           | 20          |
|    time_elapsed         | 1662        |
|    total_timesteps      | 163840      |
| train/                  |             |
|    approx_kl            | 0.008883288 |
|    clip_fraction        | 0.126       |
|    clip_range           | 0.2         |
|    entropy_loss         | -3.03       |
|    explained_variance   | 0.978       |
|    learning_rate        | 0.0003      |
|    loss                 | 42.2        |
|    n_updates            | 190         |
|    policy_gradient_loss | -0.00552    |
|    value_loss           | 38.6        |
-----------------------------------------
------------------------------------------
| rollout/                |              |
|    ep_len_mean          | 449          |
|    ep_rew_mean          | 235          |
| time/                   |              |
|    fps                  | 98           |
|    iterations           | 21           |
|    time_elapsed         | 1745         |
|    total_timesteps      | 172032       |
| train/                  |              |
|    approx_kl            | 0.0115057845 |
|    clip_fraction        | 0.148        |
|    clip_range           | 0.2          |
|    entropy_loss         | -3.02        |
|    explained_variance   | 0.982        |
|    learning_rate        | 0.0003       |
|    loss                 | 7.72         |
|    n_updates            | 200          |
|    policy_gradient_loss | -0.00367     |
|    value_loss           | 44.8         |
------------------------------------------
-----------------------------------------
| rollout/                |             |
|    ep_len_mean          | 450         |
|    ep_rew_mean          | 229         |
| time/                   |             |
|    fps                  | 98          |
|    iterations           | 22          |
|    time_elapsed         | 1826        |
|    total_timesteps      | 180224      |
| train/                  |             |
|    approx_kl            | 0.008725812 |
|    clip_fraction        | 0.135       |
|    clip_range           | 0.2         |
|    entropy_loss         | -3.05       |
|    explained_variance   | 0.977       |
|    learning_rate        | 0.0003      |
|    loss                 | 0.517       |
|    n_updates            | 210         |
|    policy_gradient_loss | 0.00126     |
|    value_loss           | 42.8        |
-----------------------------------------
-----------------------------------------
| rollout/                |             |
|    ep_len_mean          | 450         |
|    ep_rew_mean          | 238         |
| time/                   |             |
|    fps                  | 98          |
|    iterations           | 23          |
|    time_elapsed         | 1912        |
|    total_timesteps      | 188416      |
| train/                  |             |
|    approx_kl            | 0.010297632 |
|    clip_fraction        | 0.147       |
|    clip_range           | 0.2         |
|    entropy_loss         | -3.05       |
|    explained_variance   | 0.98        |
|    learning_rate        | 0.0003      |
|    loss                 | 11.8        |
|    n_updates            | 220         |
|    policy_gradient_loss | 0.00206     |
|    value_loss           | 44.7        |
-----------------------------------------
-----------------------------------------
| rollout/                |             |
|    ep_len_mean          | 453         |
|    ep_rew_mean          | 235         |
| time/                   |             |
|    fps                  | 98          |
|    iterations           | 24          |
|    time_elapsed         | 1995        |
|    total_timesteps      | 196608      |
| train/                  |             |
|    approx_kl            | 0.016400196 |
|    clip_fraction        | 0.181       |
|    clip_range           | 0.2         |
|    entropy_loss         | -3.06       |
|    explained_variance   | 0.98        |
|    learning_rate        | 0.0003      |
|    loss                 | 18.9        |
|    n_updates            | 230         |
|    policy_gradient_loss | 0.00339     |
|    value_loss           | 46.9        |
-----------------------------------------
-----------------------------------------
| rollout/                |             |
|    ep_len_mean          | 457         |
|    ep_rew_mean          | 242         |
| time/                   |             |
|    fps                  | 98          |
|    iterations           | 25          |
|    time_elapsed         | 2077        |
|    total_timesteps      | 204800      |
| train/                  |             |
|    approx_kl            | 0.012706352 |
|    clip_fraction        | 0.153       |
|    clip_range           | 0.2         |
|    entropy_loss         | -3.11       |
|    explained_variance   | 0.975       |
|    learning_rate        | 0.0003      |
|    loss                 | 2.36        |
|    n_updates            | 240         |
|    policy_gradient_loss | -0.00155    |
|    value_loss           | 83.1        |
-----------------------------------------
----------------------------------------
| rollout/                |            |
|    ep_len_mean          | 461        |
|    ep_rew_mean          | 239        |
| time/                   |            |
|    fps                  | 98         |
|    iterations           | 26         |
|    time_elapsed         | 2157       |
|    total_timesteps      | 212992     |
| train/                  |            |
|    approx_kl            | 0.00956239 |
|    clip_fraction        | 0.0726     |
|    clip_range           | 0.2        |
|    entropy_loss         | -3.05      |
|    explained_variance   | 0.985      |
|    learning_rate        | 0.0003     |
|    loss                 | 5.06       |
|    n_updates            | 250        |
|    policy_gradient_loss | -0.00365   |
|    value_loss           | 48.4       |
----------------------------------------
-----------------------------------------
| rollout/                |             |
|    ep_len_mean          | 463         |
|    ep_rew_mean          | 245         |
| time/                   |             |
|    fps                  | 98          |
|    iterations           | 27          |
|    time_elapsed         | 2238        |
|    total_timesteps      | 221184      |
| train/                  |             |
|    approx_kl            | 0.011800535 |
|    clip_fraction        | 0.179       |
|    clip_range           | 0.2         |
|    entropy_loss         | -3.15       |
|    explained_variance   | 0.971       |
|    learning_rate        | 0.0003      |
|    loss                 | 26.7        |
|    n_updates            | 260         |
|    policy_gradient_loss | -9.3e-05    |
|    value_loss           | 81.7        |
-----------------------------------------
-----------------------------------------
| rollout/                |             |
|    ep_len_mean          | 463         |
|    ep_rew_mean          | 255         |
| time/                   |             |
|    fps                  | 98          |
|    iterations           | 28          |
|    time_elapsed         | 2319        |
|    total_timesteps      | 229376      |
| train/                  |             |
|    approx_kl            | 0.010113401 |
|    clip_fraction        | 0.111       |
|    clip_range           | 0.2         |
|    entropy_loss         | -3.06       |
|    explained_variance   | 0.973       |
|    learning_rate        | 0.0003      |
|    loss                 | 0.513       |
|    n_updates            | 270         |
|    policy_gradient_loss | -0.00589    |
|    value_loss           | 75.4        |
-----------------------------------------
-----------------------------------------
| rollout/                |             |
|    ep_len_mean          | 466         |
|    ep_rew_mean          | 247         |
| time/                   |             |
|    fps                  | 98          |
|    iterations           | 29          |
|    time_elapsed         | 2401        |
|    total_timesteps      | 237568      |
| train/                  |             |
|    approx_kl            | 0.010499632 |
|    clip_fraction        | 0.0824      |
|    clip_range           | 0.2         |
|    entropy_loss         | -2.99       |
|    explained_variance   | 0.983       |
|    learning_rate        | 0.0003      |
|    loss                 | 6.63        |
|    n_updates            | 280         |
|    policy_gradient_loss | -0.00369    |
|    value_loss           | 60.2        |
-----------------------------------------
-----------------------------------------
| rollout/                |             |
|    ep_len_mean          | 467         |
|    ep_rew_mean          | 250         |
| time/                   |             |
|    fps                  | 99          |
|    iterations           | 30          |
|    time_elapsed         | 2482        |
|    total_timesteps      | 245760      |
| train/                  |             |
|    approx_kl            | 0.011375941 |
|    clip_fraction        | 0.163       |
|    clip_range           | 0.2         |
|    entropy_loss         | -3.08       |
|    explained_variance   | 0.98        |
|    learning_rate        | 0.0003      |
|    loss                 | 0.305       |
|    n_updates            | 290         |
|    policy_gradient_loss | 0.000614    |
|    value_loss           | 67.8        |
-----------------------------------------
-----------------------------------------
| rollout/                |             |
|    ep_len_mean          | 468         |
|    ep_rew_mean          | 251         |
| time/                   |             |
|    fps                  | 98          |
|    iterations           | 31          |
|    time_elapsed         | 2565        |
|    total_timesteps      | 253952      |
| train/                  |             |
|    approx_kl            | 0.010136921 |
|    clip_fraction        | 0.0924      |
|    clip_range           | 0.2         |
|    entropy_loss         | -2.99       |
|    explained_variance   | 0.983       |
|    learning_rate        | 0.0003      |
|    loss                 | 91.3        |
|    n_updates            | 300         |
|    policy_gradient_loss | -0.00576    |
|    value_loss           | 53.2        |
-----------------------------------------
------------------------------------------
| rollout/                |              |
|    ep_len_mean          | 469          |
|    ep_rew_mean          | 250          |
| time/                   |              |
|    fps                  | 99           |
|    iterations           | 32           |
|    time_elapsed         | 2646         |
|    total_timesteps      | 262144       |
| train/                  |              |
|    approx_kl            | 0.0097229555 |
|    clip_fraction        | 0.0924       |
|    clip_range           | 0.2          |
|    entropy_loss         | -2.97        |
|    explained_variance   | 0.981        |
|    learning_rate        | 0.0003       |
|    loss                 | 3.62         |
|    n_updates            | 310          |
|    policy_gradient_loss | -0.00139     |
|    value_loss           | 73.2         |
------------------------------------------
-----------------------------------------
| rollout/                |             |
|    ep_len_mean          | 468         |
|    ep_rew_mean          | 255         |
| time/                   |             |
|    fps                  | 99          |
|    iterations           | 33          |
|    time_elapsed         | 2728        |
|    total_timesteps      | 270336      |
| train/                  |             |
|    approx_kl            | 0.019846283 |
|    clip_fraction        | 0.364       |
|    clip_range           | 0.2         |
|    entropy_loss         | -3.16       |
|    explained_variance   | 0.965       |
|    learning_rate        | 0.0003      |
|    loss                 | 181         |
|    n_updates            | 320         |
|    policy_gradient_loss | 0.0498      |
|    value_loss           | 87.1        |
-----------------------------------------
-----------------------------------------
| rollout/                |             |
|    ep_len_mean          | 472         |
|    ep_rew_mean          | 247         |
| time/                   |             |
|    fps                  | 99          |
|    iterations           | 34          |
|    time_elapsed         | 2808        |
|    total_timesteps      | 278528      |
| train/                  |             |
|    approx_kl            | 0.009174229 |
|    clip_fraction        | 0.0842      |
|    clip_range           | 0.2         |
|    entropy_loss         | -2.97       |
|    explained_variance   | 0.981       |
|    learning_rate        | 0.0003      |
|    loss                 | 6.03        |
|    n_updates            | 330         |
|    policy_gradient_loss | -0.00338    |
|    value_loss           | 74.9        |
-----------------------------------------
-----------------------------------------
| rollout/                |             |
|    ep_len_mean          | 473         |
|    ep_rew_mean          | 251         |
| time/                   |             |
|    fps                  | 99          |
|    iterations           | 35          |
|    time_elapsed         | 2889        |
|    total_timesteps      | 286720      |
| train/                  |             |
|    approx_kl            | 0.010356576 |
|    clip_fraction        | 0.0789      |
|    clip_range           | 0.2         |
|    entropy_loss         | -3.11       |
|    explained_variance   | 0.979       |
|    learning_rate        | 0.0003      |
|    loss                 | 1.8         |
|    n_updates            | 340         |
|    policy_gradient_loss | -0.00325    |
|    value_loss           | 76.1        |
-----------------------------------------
-----------------------------------------
| rollout/                |             |
|    ep_len_mean          | 475         |
|    ep_rew_mean          | 246         |
| time/                   |             |
|    fps                  | 99          |
|    iterations           | 36          |
|    time_elapsed         | 2972        |
|    total_timesteps      | 294912      |
| train/                  |             |
|    approx_kl            | 0.010912703 |
|    clip_fraction        | 0.102       |
|    clip_range           | 0.2         |
|    entropy_loss         | -3.01       |
|    explained_variance   | 0.983       |
|    learning_rate        | 0.0003      |
|    loss                 | 8.49        |
|    n_updates            | 350         |
|    policy_gradient_loss | -0.00341    |
|    value_loss           | 84.8        |
-----------------------------------------
----------------------------------------
| rollout/                |            |
|    ep_len_mean          | 477        |
|    ep_rew_mean          | 235        |
| time/                   |            |
|    fps                  | 99         |
|    iterations           | 37         |
|    time_elapsed         | 3053       |
|    total_timesteps      | 303104     |
| train/                  |            |
|    approx_kl            | 0.01767582 |
|    clip_fraction        | 0.142      |
|    clip_range           | 0.2        |
|    entropy_loss         | -3.11      |
|    explained_variance   | 0.976      |
|    learning_rate        | 0.0003     |
|    loss                 | 34.6       |
|    n_updates            | 360        |
|    policy_gradient_loss | -0.00617   |
|    value_loss           | 68.5       |
----------------------------------------
-----------------------------------------
| rollout/                |             |
|    ep_len_mean          | 476         |
|    ep_rew_mean          | 237         |
| time/                   |             |
|    fps                  | 99          |
|    iterations           | 38          |
|    time_elapsed         | 3136        |
|    total_timesteps      | 311296      |
| train/                  |             |
|    approx_kl            | 0.011561589 |
|    clip_fraction        | 0.101       |
|    clip_range           | 0.2         |
|    entropy_loss         | -2.99       |
|    explained_variance   | 0.979       |
|    learning_rate        | 0.0003      |
|    loss                 | 83          |
|    n_updates            | 370         |
|    policy_gradient_loss | -0.00482    |
|    value_loss           | 62.6        |
-----------------------------------------
-----------------------------------------
| rollout/                |             |
|    ep_len_mean          | 477         |
|    ep_rew_mean          | 239         |
| time/                   |             |
|    fps                  | 99          |
|    iterations           | 39          |
|    time_elapsed         | 3219        |
|    total_timesteps      | 319488      |
| train/                  |             |
|    approx_kl            | 0.012236696 |
|    clip_fraction        | 0.0812      |
|    clip_range           | 0.2         |
|    entropy_loss         | -2.92       |
|    explained_variance   | 0.983       |
|    learning_rate        | 0.0003      |
|    loss                 | 2.3         |
|    n_updates            | 380         |
|    policy_gradient_loss | -0.00531    |
|    value_loss           | 63.6        |
-----------------------------------------
-----------------------------------------
| rollout/                |             |
|    ep_len_mean          | 476         |
|    ep_rew_mean          | 238         |
| time/                   |             |
|    fps                  | 98          |
|    iterations           | 40          |
|    time_elapsed         | 3312        |
|    total_timesteps      | 327680      |
| train/                  |             |
|    approx_kl            | 0.010275174 |
|    clip_fraction        | 0.0736      |
|    clip_range           | 0.2         |
|    entropy_loss         | -3          |
|    explained_variance   | 0.982       |
|    learning_rate        | 0.0003      |
|    loss                 | 38.1        |
|    n_updates            | 390         |
|    policy_gradient_loss | -0.00399    |
|    value_loss           | 71.4        |
-----------------------------------------
-----------------------------------------
| rollout/                |             |
|    ep_len_mean          | 477         |
|    ep_rew_mean          | 236         |
| time/                   |             |
|    fps                  | 98          |
|    iterations           | 41          |
|    time_elapsed         | 3420        |
|    total_timesteps      | 335872      |
| train/                  |             |
|    approx_kl            | 0.014084585 |
|    clip_fraction        | 0.196       |
|    clip_range           | 0.2         |
|    entropy_loss         | -3.13       |
|    explained_variance   | 0.976       |
|    learning_rate        | 0.0003      |
|    loss                 | 167         |
|    n_updates            | 400         |
|    policy_gradient_loss | 0.00371     |
|    value_loss           | 91.1        |
-----------------------------------------
-----------------------------------------
| rollout/                |             |
|    ep_len_mean          | 475         |
|    ep_rew_mean          | 240         |
| time/                   |             |
|    fps                  | 97          |
|    iterations           | 42          |
|    time_elapsed         | 3530        |
|    total_timesteps      | 344064      |
| train/                  |             |
|    approx_kl            | 0.010677288 |
|    clip_fraction        | 0.0739      |
|    clip_range           | 0.2         |
|    entropy_loss         | -3.09       |
|    explained_variance   | 0.982       |
|    learning_rate        | 0.0003      |
|    loss                 | 3.5         |
|    n_updates            | 410         |
|    policy_gradient_loss | -0.00394    |
|    value_loss           | 67.6        |
-----------------------------------------
-----------------------------------------
| rollout/                |             |
|    ep_len_mean          | 475         |
|    ep_rew_mean          | 241         |
| time/                   |             |
|    fps                  | 96          |
|    iterations           | 43          |
|    time_elapsed         | 3665        |
|    total_timesteps      | 352256      |
| train/                  |             |
|    approx_kl            | 0.011531383 |
|    clip_fraction        | 0.115       |
|    clip_range           | 0.2         |
|    entropy_loss         | -3.12       |
|    explained_variance   | 0.979       |
|    learning_rate        | 0.0003      |
|    loss                 | 34.7        |
|    n_updates            | 420         |
|    policy_gradient_loss | -0.00463    |
|    value_loss           | 76.9        |
-----------------------------------------
-----------------------------------------
| rollout/                |             |
|    ep_len_mean          | 473         |
|    ep_rew_mean          | 241         |
| time/                   |             |
|    fps                  | 95          |
|    iterations           | 44          |
|    time_elapsed         | 3790        |
|    total_timesteps      | 360448      |
| train/                  |             |
|    approx_kl            | 0.012716908 |
|    clip_fraction        | 0.127       |
|    clip_range           | 0.2         |
|    entropy_loss         | -3.14       |
|    explained_variance   | 0.976       |
|    learning_rate        | 0.0003      |
|    loss                 | 0.382       |
|    n_updates            | 430         |
|    policy_gradient_loss | -0.000733   |
|    value_loss           | 77          |
-----------------------------------------
-----------------------------------------
| rollout/                |             |
|    ep_len_mean          | 474         |
|    ep_rew_mean          | 229         |
| time/                   |             |
|    fps                  | 94          |
|    iterations           | 45          |
|    time_elapsed         | 3919        |
|    total_timesteps      | 368640      |
| train/                  |             |
|    approx_kl            | 0.013593482 |
|    clip_fraction        | 0.135       |
|    clip_range           | 0.2         |
|    entropy_loss         | -3.11       |
|    explained_variance   | 0.985       |
|    learning_rate        | 0.0003      |
|    loss                 | 10.7        |
|    n_updates            | 440         |
|    policy_gradient_loss | -0.00292    |
|    value_loss           | 77.6        |
-----------------------------------------
------------------------------------------
| rollout/                |              |
|    ep_len_mean          | 473          |
|    ep_rew_mean          | 229          |
| time/                   |              |
|    fps                  | 93           |
|    iterations           | 46           |
|    time_elapsed         | 4033         |
|    total_timesteps      | 376832       |
| train/                  |              |
|    approx_kl            | 0.0099169705 |
|    clip_fraction        | 0.0841       |
|    clip_range           | 0.2          |
|    entropy_loss         | -3.06        |
|    explained_variance   | 0.978        |
|    learning_rate        | 0.0003       |
|    loss                 | 1.56         |
|    n_updates            | 450          |
|    policy_gradient_loss | -0.00626     |
|    value_loss           | 78.6         |
------------------------------------------
-----------------------------------------
| rollout/                |             |
|    ep_len_mean          | 470         |
|    ep_rew_mean          | 224         |
| time/                   |             |
|    fps                  | 93          |
|    iterations           | 47          |
|    time_elapsed         | 4133        |
|    total_timesteps      | 385024      |
| train/                  |             |
|    approx_kl            | 0.010925952 |
|    clip_fraction        | 0.0875      |
|    clip_range           | 0.2         |
|    entropy_loss         | -3.07       |
|    explained_variance   | 0.967       |
|    learning_rate        | 0.0003      |
|    loss                 | 1.46        |
|    n_updates            | 460         |
|    policy_gradient_loss | -0.00275    |
|    value_loss           | 69.6        |
-----------------------------------------
-----------------------------------------
| rollout/                |             |
|    ep_len_mean          | 468         |
|    ep_rew_mean          | 226         |
| time/                   |             |
|    fps                  | 92          |
|    iterations           | 48          |
|    time_elapsed         | 4255        |
|    total_timesteps      | 393216      |
| train/                  |             |
|    approx_kl            | 0.011634773 |
|    clip_fraction        | 0.107       |
|    clip_range           | 0.2         |
|    entropy_loss         | -3.05       |
|    explained_variance   | 0.965       |
|    learning_rate        | 0.0003      |
|    loss                 | 277         |
|    n_updates            | 470         |
|    policy_gradient_loss | -0.00618    |
|    value_loss           | 74.4        |
-----------------------------------------
-----------------------------------------
| rollout/                |             |
|    ep_len_mean          | 467         |
|    ep_rew_mean          | 226         |
| time/                   |             |
|    fps                  | 91          |
|    iterations           | 49          |
|    time_elapsed         | 4377        |
|    total_timesteps      | 401408      |
| train/                  |             |
|    approx_kl            | 0.013777485 |
|    clip_fraction        | 0.155       |
|    clip_range           | 0.2         |
|    entropy_loss         | -3.1        |
|    explained_variance   | 0.98        |
|    learning_rate        | 0.0003      |
|    loss                 | 0.752       |
|    n_updates            | 480         |
|    policy_gradient_loss | -0.00345    |
|    value_loss           | 66.8        |
-----------------------------------------
-----------------------------------------
| rollout/                |             |
|    ep_len_mean          | 467         |
|    ep_rew_mean          | 226         |
| time/                   |             |
|    fps                  | 90          |
|    iterations           | 50          |
|    time_elapsed         | 4508        |
|    total_timesteps      | 409600      |
| train/                  |             |
|    approx_kl            | 0.009490317 |
|    clip_fraction        | 0.083       |
|    clip_range           | 0.2         |
|    entropy_loss         | -3.04       |
|    explained_variance   | 0.984       |
|    learning_rate        | 0.0003      |
|    loss                 | 0.63        |
|    n_updates            | 490         |
|    policy_gradient_loss | -0.00355    |
|    value_loss           | 54.7        |
-----------------------------------------
-----------------------------------------
| rollout/                |             |
|    ep_len_mean          | 465         |
|    ep_rew_mean          | 231         |
| time/                   |             |
|    fps                  | 90          |
|    iterations           | 51          |
|    time_elapsed         | 4640        |
|    total_timesteps      | 417792      |
| train/                  |             |
|    approx_kl            | 0.010719212 |
|    clip_fraction        | 0.121       |
|    clip_range           | 0.2         |
|    entropy_loss         | -3.03       |
|    explained_variance   | 0.984       |
|    learning_rate        | 0.0003      |
|    loss                 | 11.3        |
|    n_updates            | 500         |
|    policy_gradient_loss | -0.00476    |
|    value_loss           | 63.9        |
-----------------------------------------
-----------------------------------------
| rollout/                |             |
|    ep_len_mean          | 465         |
|    ep_rew_mean          | 239         |
| time/                   |             |
|    fps                  | 89          |
|    iterations           | 52          |
|    time_elapsed         | 4747        |
|    total_timesteps      | 425984      |
| train/                  |             |
|    approx_kl            | 0.013168627 |
|    clip_fraction        | 0.116       |
|    clip_range           | 0.2         |
|    entropy_loss         | -3.06       |
|    explained_variance   | 0.974       |
|    learning_rate        | 0.0003      |
|    loss                 | 1.95        |
|    n_updates            | 510         |
|    policy_gradient_loss | -0.00465    |
|    value_loss           | 75.9        |
-----------------------------------------
----------------------------------------
| rollout/                |            |
|    ep_len_mean          | 466        |
|    ep_rew_mean          | 241        |
| time/                   |            |
|    fps                  | 89         |
|    iterations           | 53         |
|    time_elapsed         | 4853       |
|    total_timesteps      | 434176     |
| train/                  |            |
|    approx_kl            | 0.01357713 |
|    clip_fraction        | 0.129      |
|    clip_range           | 0.2        |
|    entropy_loss         | -2.96      |
|    explained_variance   | 0.981      |
|    learning_rate        | 0.0003     |
|    loss                 | 41.1       |
|    n_updates            | 520        |
|    policy_gradient_loss | -0.0055    |
|    value_loss           | 56.8       |
----------------------------------------
-----------------------------------------
| rollout/                |             |
|    ep_len_mean          | 466         |
|    ep_rew_mean          | 244         |
| time/                   |             |
|    fps                  | 89          |
|    iterations           | 54          |
|    time_elapsed         | 4952        |
|    total_timesteps      | 442368      |
| train/                  |             |
|    approx_kl            | 0.011386834 |
|    clip_fraction        | 0.109       |
|    clip_range           | 0.2         |
|    entropy_loss         | -2.9        |
|    explained_variance   | 0.984       |
|    learning_rate        | 0.0003      |
|    loss                 | 5.7         |
|    n_updates            | 530         |
|    policy_gradient_loss | -0.00664    |
|    value_loss           | 51.3        |
-----------------------------------------
-----------------------------------------
| rollout/                |             |
|    ep_len_mean          | 470         |
|    ep_rew_mean          | 239         |
| time/                   |             |
|    fps                  | 89          |
|    iterations           | 55          |
|    time_elapsed         | 5049        |
|    total_timesteps      | 450560      |
| train/                  |             |
|    approx_kl            | 0.016394658 |
|    clip_fraction        | 0.166       |
|    clip_range           | 0.2         |
|    entropy_loss         | -2.9        |
|    explained_variance   | 0.981       |
|    learning_rate        | 0.0003      |
|    loss                 | 1.78        |
|    n_updates            | 540         |
|    policy_gradient_loss | -0.000492   |
|    value_loss           | 55.3        |
-----------------------------------------
-----------------------------------------
| rollout/                |             |
|    ep_len_mean          | 472         |
|    ep_rew_mean          | 239         |
| time/                   |             |
|    fps                  | 89          |
|    iterations           | 56          |
|    time_elapsed         | 5140        |
|    total_timesteps      | 458752      |
| train/                  |             |
|    approx_kl            | 0.010235701 |
|    clip_fraction        | 0.12        |
|    clip_range           | 0.2         |
|    entropy_loss         | -3.08       |
|    explained_variance   | 0.985       |
|    learning_rate        | 0.0003      |
|    loss                 | 114         |
|    n_updates            | 550         |
|    policy_gradient_loss | -0.00444    |
|    value_loss           | 43.3        |
-----------------------------------------
----------------------------------------
| rollout/                |            |
|    ep_len_mean          | 478        |
|    ep_rew_mean          | 232        |
| time/                   |            |
|    fps                  | 89         |
|    iterations           | 57         |
|    time_elapsed         | 5229       |
|    total_timesteps      | 466944     |
| train/                  |            |
|    approx_kl            | 0.06799229 |
|    clip_fraction        | 0.142      |
|    clip_range           | 0.2        |
|    entropy_loss         | -3.07      |
|    explained_variance   | 0.983      |
|    learning_rate        | 0.0003     |
|    loss                 | 3.53       |
|    n_updates            | 560        |
|    policy_gradient_loss | 0.00206    |
|    value_loss           | 60.7       |
----------------------------------------
-----------------------------------------
| rollout/                |             |
|    ep_len_mean          | 485         |
|    ep_rew_mean          | 229         |
| time/                   |             |
|    fps                  | 89          |
|    iterations           | 58          |
|    time_elapsed         | 5317        |
|    total_timesteps      | 475136      |
| train/                  |             |
|    approx_kl            | 0.021503087 |
|    clip_fraction        | 0.209       |
|    clip_range           | 0.2         |
|    entropy_loss         | -3.18       |
|    explained_variance   | 0.978       |
|    learning_rate        | 0.0003      |
|    loss                 | 7.46        |
|    n_updates            | 570         |
|    policy_gradient_loss | -0.00258    |
|    value_loss           | 52.2        |
-----------------------------------------
-----------------------------------------
| rollout/                |             |
|    ep_len_mean          | 488         |
|    ep_rew_mean          | 227         |
| time/                   |             |
|    fps                  | 89          |
|    iterations           | 59          |
|    time_elapsed         | 5405        |
|    total_timesteps      | 483328      |
| train/                  |             |
|    approx_kl            | 0.010844438 |
|    clip_fraction        | 0.13        |
|    clip_range           | 0.2         |
|    entropy_loss         | -3.12       |
|    explained_variance   | 0.983       |
|    learning_rate        | 0.0003      |
|    loss                 | 1.76        |
|    n_updates            | 580         |
|    policy_gradient_loss | -0.00367    |
|    value_loss           | 61.8        |
-----------------------------------------
-----------------------------------------
| rollout/                |             |
|    ep_len_mean          | 493         |
|    ep_rew_mean          | 220         |
| time/                   |             |
|    fps                  | 89          |
|    iterations           | 60          |
|    time_elapsed         | 5491        |
|    total_timesteps      | 491520      |
| train/                  |             |
|    approx_kl            | 0.011762565 |
|    clip_fraction        | 0.109       |
|    clip_range           | 0.2         |
|    entropy_loss         | -3.17       |
|    explained_variance   | 0.985       |
|    learning_rate        | 0.0003      |
|    loss                 | 2.02        |
|    n_updates            | 590         |
|    policy_gradient_loss | -0.00613    |
|    value_loss           | 52          |
-----------------------------------------
-----------------------------------------
| rollout/                |             |
|    ep_len_mean          | 494         |
|    ep_rew_mean          | 224         |
| time/                   |             |
|    fps                  | 89          |
|    iterations           | 61          |
|    time_elapsed         | 5577        |
|    total_timesteps      | 499712      |
| train/                  |             |
|    approx_kl            | 0.011394901 |
|    clip_fraction        | 0.104       |
|    clip_range           | 0.2         |
|    entropy_loss         | -3.18       |
|    explained_variance   | 0.983       |
|    learning_rate        | 0.0003      |
|    loss                 | 0.709       |
|    n_updates            | 600         |
|    policy_gradient_loss | -0.00816    |
|    value_loss           | 52.6        |
-----------------------------------------
-----------------------------------------
| rollout/                |             |
|    ep_len_mean          | 497         |
|    ep_rew_mean          | 222         |
| time/                   |             |
|    fps                  | 89          |
|    iterations           | 62          |
|    time_elapsed         | 5660        |
|    total_timesteps      | 507904      |
| train/                  |             |
|    approx_kl            | 0.011624295 |
|    clip_fraction        | 0.153       |
|    clip_range           | 0.2         |
|    entropy_loss         | -3.13       |
|    explained_variance   | 0.985       |
|    learning_rate        | 0.0003      |
|    loss                 | 4.63        |
|    n_updates            | 610         |
|    policy_gradient_loss | -0.00684    |
|    value_loss           | 46.8        |
-----------------------------------------
-----------------------------------------
| rollout/                |             |
|    ep_len_mean          | 495         |
|    ep_rew_mean          | 227         |
| time/                   |             |
|    fps                  | 89          |
|    iterations           | 63          |
|    time_elapsed         | 5743        |
|    total_timesteps      | 516096      |
| train/                  |             |
|    approx_kl            | 0.016279113 |
|    clip_fraction        | 0.152       |
|    clip_range           | 0.2         |
|    entropy_loss         | -3.19       |
|    explained_variance   | 0.986       |
|    learning_rate        | 0.0003      |
|    loss                 | -0.0337     |
|    n_updates            | 620         |
|    policy_gradient_loss | -0.00371    |
|    value_loss           | 44.1        |
-----------------------------------------
-----------------------------------------
| rollout/                |             |
|    ep_len_mean          | 491         |
|    ep_rew_mean          | 237         |
| time/                   |             |
|    fps                  | 89          |
|    iterations           | 64          |
|    time_elapsed         | 5826        |
|    total_timesteps      | 524288      |
| train/                  |             |
|    approx_kl            | 0.019279622 |
|    clip_fraction        | 0.164       |
|    clip_range           | 0.2         |
|    entropy_loss         | -3.21       |
|    explained_variance   | 0.986       |
|    learning_rate        | 0.0003      |
|    loss                 | 13.8        |
|    n_updates            | 630         |
|    policy_gradient_loss | -0.00316    |
|    value_loss           | 41.7        |
-----------------------------------------
----------------------------------------
| rollout/                |            |
|    ep_len_mean          | 488        |
|    ep_rew_mean          | 243        |
| time/                   |            |
|    fps                  | 90         |
|    iterations           | 65         |
|    time_elapsed         | 5913       |
|    total_timesteps      | 532480     |
| train/                  |            |
|    approx_kl            | 0.01042366 |
|    clip_fraction        | 0.0924     |
|    clip_range           | 0.2        |
|    entropy_loss         | -2.91      |
|    explained_variance   | 0.971      |
|    learning_rate        | 0.0003     |
|    loss                 | 3.04       |
|    n_updates            | 640        |
|    policy_gradient_loss | -0.00261   |
|    value_loss           | 56.1       |
----------------------------------------
-----------------------------------------
| rollout/                |             |
|    ep_len_mean          | 484         |
|    ep_rew_mean          | 248         |
| time/                   |             |
|    fps                  | 90          |
|    iterations           | 66          |
|    time_elapsed         | 5999        |
|    total_timesteps      | 540672      |
| train/                  |             |
|    approx_kl            | 0.014355712 |
|    clip_fraction        | 0.158       |
|    clip_range           | 0.2         |
|    entropy_loss         | -3.06       |
|    explained_variance   | 0.98        |
|    learning_rate        | 0.0003      |
|    loss                 | 15.1        |
|    n_updates            | 650         |
|    policy_gradient_loss | -0.00753    |
|    value_loss           | 48          |
-----------------------------------------
------------------------------------------
| rollout/                |              |
|    ep_len_mean          | 484          |
|    ep_rew_mean          | 241          |
| time/                   |              |
|    fps                  | 90           |
|    iterations           | 67           |
|    time_elapsed         | 6085         |
|    total_timesteps      | 548864       |
| train/                  |              |
|    approx_kl            | 0.0132070575 |
|    clip_fraction        | 0.16         |
|    clip_range           | 0.2          |
|    entropy_loss         | -3.09        |
|    explained_variance   | 0.986        |
|    learning_rate        | 0.0003       |
|    loss                 | 61.9         |
|    n_updates            | 660          |
|    policy_gradient_loss | -0.0016      |
|    value_loss           | 36.8         |
------------------------------------------
-----------------------------------------
| rollout/                |             |
|    ep_len_mean          | 480         |
|    ep_rew_mean          | 246         |
| time/                   |             |
|    fps                  | 90          |
|    iterations           | 68          |
|    time_elapsed         | 6171        |
|    total_timesteps      | 557056      |
| train/                  |             |
|    approx_kl            | 0.015114836 |
|    clip_fraction        | 0.195       |
|    clip_range           | 0.2         |
|    entropy_loss         | -3.21       |
|    explained_variance   | 0.977       |
|    learning_rate        | 0.0003      |
|    loss                 | 0.348       |
|    n_updates            | 670         |
|    policy_gradient_loss | -0.00105    |
|    value_loss           | 44.3        |
-----------------------------------------
-----------------------------------------
| rollout/                |             |
|    ep_len_mean          | 477         |
|    ep_rew_mean          | 247         |
| time/                   |             |
|    fps                  | 90          |
|    iterations           | 69          |
|    time_elapsed         | 6256        |
|    total_timesteps      | 565248      |
| train/                  |             |
|    approx_kl            | 0.009585786 |
|    clip_fraction        | 0.0787      |
|    clip_range           | 0.2         |
|    entropy_loss         | -3.07       |
|    explained_variance   | 0.986       |
|    learning_rate        | 0.0003      |
|    loss                 | 175         |
|    n_updates            | 680         |
|    policy_gradient_loss | -0.00332    |
|    value_loss           | 41.2        |
-----------------------------------------
-----------------------------------------
| rollout/                |             |
|    ep_len_mean          | 476         |
|    ep_rew_mean          | 238         |
| time/                   |             |
|    fps                  | 90          |
|    iterations           | 70          |
|    time_elapsed         | 6342        |
|    total_timesteps      | 573440      |
| train/                  |             |
|    approx_kl            | 0.011226682 |
|    clip_fraction        | 0.148       |
|    clip_range           | 0.2         |
|    entropy_loss         | -3.12       |
|    explained_variance   | 0.985       |
|    learning_rate        | 0.0003      |
|    loss                 | 2.35        |
|    n_updates            | 690         |
|    policy_gradient_loss | -0.000542   |
|    value_loss           | 50.5        |
-----------------------------------------
-----------------------------------------
| rollout/                |             |
|    ep_len_mean          | 476         |
|    ep_rew_mean          | 234         |
| time/                   |             |
|    fps                  | 90          |
|    iterations           | 71          |
|    time_elapsed         | 6429        |
|    total_timesteps      | 581632      |
| train/                  |             |
|    approx_kl            | 0.012663042 |
|    clip_fraction        | 0.139       |
|    clip_range           | 0.2         |
|    entropy_loss         | -3.03       |
|    explained_variance   | 0.982       |
|    learning_rate        | 0.0003      |
|    loss                 | 7.87        |
|    n_updates            | 700         |
|    policy_gradient_loss | -0.00653    |
|    value_loss           | 56          |
-----------------------------------------
-----------------------------------------
| rollout/                |             |
|    ep_len_mean          | 475         |
|    ep_rew_mean          | 231         |
| time/                   |             |
|    fps                  | 90          |
|    iterations           | 72          |
|    time_elapsed         | 6514        |
|    total_timesteps      | 589824      |
| train/                  |             |
|    approx_kl            | 0.011591896 |
|    clip_fraction        | 0.111       |
|    clip_range           | 0.2         |
|    entropy_loss         | -3.1        |
|    explained_variance   | 0.98        |
|    learning_rate        | 0.0003      |
|    loss                 | 2.17        |
|    n_updates            | 710         |
|    policy_gradient_loss | -0.000902   |
|    value_loss           | 51.5        |
-----------------------------------------
------------------------------------------
| rollout/                |              |
|    ep_len_mean          | 471          |
|    ep_rew_mean          | 245          |
| time/                   |              |
|    fps                  | 90           |
|    iterations           | 73           |
|    time_elapsed         | 6599         |
|    total_timesteps      | 598016       |
| train/                  |              |
|    approx_kl            | 0.0126144085 |
|    clip_fraction        | 0.134        |
|    clip_range           | 0.2          |
|    entropy_loss         | -3.08        |
|    explained_variance   | 0.978        |
|    learning_rate        | 0.0003       |
|    loss                 | 0.916        |
|    n_updates            | 720          |
|    policy_gradient_loss | -0.005       |
|    value_loss           | 54.7         |
------------------------------------------
-----------------------------------------
| rollout/                |             |
|    ep_len_mean          | 470         |
|    ep_rew_mean          | 247         |
| time/                   |             |
|    fps                  | 90          |
|    iterations           | 74          |
|    time_elapsed         | 6689        |
|    total_timesteps      | 606208      |
| train/                  |             |
|    approx_kl            | 0.012001494 |
|    clip_fraction        | 0.0929      |
|    clip_range           | 0.2         |
|    entropy_loss         | -2.98       |
|    explained_variance   | 0.988       |
|    learning_rate        | 0.0003      |
|    loss                 | 5.34        |
|    n_updates            | 730         |
|    policy_gradient_loss | -0.00567    |
|    value_loss           | 36.7        |
-----------------------------------------
-----------------------------------------
| rollout/                |             |
|    ep_len_mean          | 468         |
|    ep_rew_mean          | 253         |
| time/                   |             |
|    fps                  | 90          |
|    iterations           | 75          |
|    time_elapsed         | 6777        |
|    total_timesteps      | 614400      |
| train/                  |             |
|    approx_kl            | 0.011846418 |
|    clip_fraction        | 0.0729      |
|    clip_range           | 0.2         |
|    entropy_loss         | -3.03       |
|    explained_variance   | 0.976       |
|    learning_rate        | 0.0003      |
|    loss                 | 1.45        |
|    n_updates            | 740         |
|    policy_gradient_loss | -0.00274    |
|    value_loss           | 57.7        |
-----------------------------------------
-----------------------------------------
| rollout/                |             |
|    ep_len_mean          | 471         |
|    ep_rew_mean          | 245         |
| time/                   |             |
|    fps                  | 90          |
|    iterations           | 76          |
|    time_elapsed         | 6863        |
|    total_timesteps      | 622592      |
| train/                  |             |
|    approx_kl            | 0.009554906 |
|    clip_fraction        | 0.0887      |
|    clip_range           | 0.2         |
|    entropy_loss         | -3.06       |
|    explained_variance   | 0.986       |
|    learning_rate        | 0.0003      |
|    loss                 | 44.9        |
|    n_updates            | 750         |
|    policy_gradient_loss | -0.00568    |
|    value_loss           | 42.1        |
-----------------------------------------
-----------------------------------------
| rollout/                |             |
|    ep_len_mean          | 470         |
|    ep_rew_mean          | 251         |
| time/                   |             |
|    fps                  | 90          |
|    iterations           | 77          |
|    time_elapsed         | 6947        |
|    total_timesteps      | 630784      |
| train/                  |             |
|    approx_kl            | 0.009922445 |
|    clip_fraction        | 0.148       |
|    clip_range           | 0.2         |
|    entropy_loss         | -3.18       |
|    explained_variance   | 0.983       |
|    learning_rate        | 0.0003      |
|    loss                 | 8.3         |
|    n_updates            | 760         |
|    policy_gradient_loss | -0.00347    |
|    value_loss           | 47.8        |
-----------------------------------------
-----------------------------------------
| rollout/                |             |
|    ep_len_mean          | 474         |
|    ep_rew_mean          | 250         |
| time/                   |             |
|    fps                  | 90          |
|    iterations           | 78          |
|    time_elapsed         | 7034        |
|    total_timesteps      | 638976      |
| train/                  |             |
|    approx_kl            | 0.009820351 |
|    clip_fraction        | 0.107       |
|    clip_range           | 0.2         |
|    entropy_loss         | -3.05       |
|    explained_variance   | 0.982       |
|    learning_rate        | 0.0003      |
|    loss                 | 1.27        |
|    n_updates            | 770         |
|    policy_gradient_loss | -0.00222    |
|    value_loss           | 62.4        |
-----------------------------------------
-----------------------------------------
| rollout/                |             |
|    ep_len_mean          | 478         |
|    ep_rew_mean          | 244         |
| time/                   |             |
|    fps                  | 90          |
|    iterations           | 79          |
|    time_elapsed         | 7117        |
|    total_timesteps      | 647168      |
| train/                  |             |
|    approx_kl            | 0.011985958 |
|    clip_fraction        | 0.138       |
|    clip_range           | 0.2         |
|    entropy_loss         | -3.13       |
|    explained_variance   | 0.982       |
|    learning_rate        | 0.0003      |
|    loss                 | 3.01        |
|    n_updates            | 780         |
|    policy_gradient_loss | -0.00188    |
|    value_loss           | 36.2        |
-----------------------------------------
-----------------------------------------
| rollout/                |             |
|    ep_len_mean          | 480         |
|    ep_rew_mean          | 237         |
| time/                   |             |
|    fps                  | 90          |
|    iterations           | 80          |
|    time_elapsed         | 7206        |
|    total_timesteps      | 655360      |
| train/                  |             |
|    approx_kl            | 0.011771261 |
|    clip_fraction        | 0.0666      |
|    clip_range           | 0.2         |
|    entropy_loss         | -3.03       |
|    explained_variance   | 0.984       |
|    learning_rate        | 0.0003      |
|    loss                 | 69.2        |
|    n_updates            | 790         |
|    policy_gradient_loss | -0.00266    |
|    value_loss           | 56.1        |
-----------------------------------------
-----------------------------------------
| rollout/                |             |
|    ep_len_mean          | 482         |
|    ep_rew_mean          | 224         |
| time/                   |             |
|    fps                  | 91          |
|    iterations           | 81          |
|    time_elapsed         | 7291        |
|    total_timesteps      | 663552      |
| train/                  |             |
|    approx_kl            | 0.012428102 |
|    clip_fraction        | 0.1         |
|    clip_range           | 0.2         |
|    entropy_loss         | -3.01       |
|    explained_variance   | 0.978       |
|    learning_rate        | 0.0003      |
|    loss                 | 0.931       |
|    n_updates            | 800         |
|    policy_gradient_loss | -0.00661    |
|    value_loss           | 65          |
-----------------------------------------
-----------------------------------------
| rollout/                |             |
|    ep_len_mean          | 482         |
|    ep_rew_mean          | 228         |
| time/                   |             |
|    fps                  | 91          |
|    iterations           | 82          |
|    time_elapsed         | 7376        |
|    total_timesteps      | 671744      |
| train/                  |             |
|    approx_kl            | 0.021160694 |
|    clip_fraction        | 0.16        |
|    clip_range           | 0.2         |
|    entropy_loss         | -3.13       |
|    explained_variance   | 0.975       |
|    learning_rate        | 0.0003      |
|    loss                 | 0.764       |
|    n_updates            | 810         |
|    policy_gradient_loss | -0.00279    |
|    value_loss           | 68.4        |
-----------------------------------------
-----------------------------------------
| rollout/                |             |
|    ep_len_mean          | 485         |
|    ep_rew_mean          | 223         |
| time/                   |             |
|    fps                  | 91          |
|    iterations           | 83          |
|    time_elapsed         | 7463        |
|    total_timesteps      | 679936      |
| train/                  |             |
|    approx_kl            | 0.011949186 |
|    clip_fraction        | 0.0963      |
|    clip_range           | 0.2         |
|    entropy_loss         | -2.98       |
|    explained_variance   | 0.979       |
|    learning_rate        | 0.0003      |
|    loss                 | 0.475       |
|    n_updates            | 820         |
|    policy_gradient_loss | -0.00328    |
|    value_loss           | 61.2        |
-----------------------------------------
-----------------------------------------
| rollout/                |             |
|    ep_len_mean          | 483         |
|    ep_rew_mean          | 229         |
| time/                   |             |
|    fps                  | 91          |
|    iterations           | 84          |
|    time_elapsed         | 7549        |
|    total_timesteps      | 688128      |
| train/                  |             |
|    approx_kl            | 0.017505739 |
|    clip_fraction        | 0.175       |
|    clip_range           | 0.2         |
|    entropy_loss         | -3.11       |
|    explained_variance   | 0.984       |
|    learning_rate        | 0.0003      |
|    loss                 | 5.64        |
|    n_updates            | 830         |
|    policy_gradient_loss | 0.000455    |
|    value_loss           | 42.7        |
-----------------------------------------
-----------------------------------------
| rollout/                |             |
|    ep_len_mean          | 482         |
|    ep_rew_mean          | 229         |
| time/                   |             |
|    fps                  | 91          |
|    iterations           | 85          |
|    time_elapsed         | 7635        |
|    total_timesteps      | 696320      |
| train/                  |             |
|    approx_kl            | 0.007903336 |
|    clip_fraction        | 0.091       |
|    clip_range           | 0.2         |
|    entropy_loss         | -2.95       |
|    explained_variance   | 0.98        |
|    learning_rate        | 0.0003      |
|    loss                 | 1.78        |
|    n_updates            | 840         |
|    policy_gradient_loss | -0.00319    |
|    value_loss           | 61          |
-----------------------------------------
-----------------------------------------
| rollout/                |             |
|    ep_len_mean          | 484         |
|    ep_rew_mean          | 231         |
| time/                   |             |
|    fps                  | 91          |
|    iterations           | 86          |
|    time_elapsed         | 7721        |
|    total_timesteps      | 704512      |
| train/                  |             |
|    approx_kl            | 0.010378703 |
|    clip_fraction        | 0.119       |
|    clip_range           | 0.2         |
|    entropy_loss         | -2.97       |
|    explained_variance   | 0.979       |
|    learning_rate        | 0.0003      |
|    loss                 | 1.23        |
|    n_updates            | 850         |
|    policy_gradient_loss | -0.00285    |
|    value_loss           | 49.5        |
-----------------------------------------
-----------------------------------------
| rollout/                |             |
|    ep_len_mean          | 484         |
|    ep_rew_mean          | 236         |
| time/                   |             |
|    fps                  | 91          |
|    iterations           | 87          |
|    time_elapsed         | 7807        |
|    total_timesteps      | 712704      |
| train/                  |             |
|    approx_kl            | 0.010091969 |
|    clip_fraction        | 0.108       |
|    clip_range           | 0.2         |
|    entropy_loss         | -3.04       |
|    explained_variance   | 0.982       |
|    learning_rate        | 0.0003      |
|    loss                 | 2.73        |
|    n_updates            | 860         |
|    policy_gradient_loss | -0.00173    |
|    value_loss           | 49.4        |
-----------------------------------------
-----------------------------------------
| rollout/                |             |
|    ep_len_mean          | 484         |
|    ep_rew_mean          | 239         |
| time/                   |             |
|    fps                  | 91          |
|    iterations           | 88          |
|    time_elapsed         | 7892        |
|    total_timesteps      | 720896      |
| train/                  |             |
|    approx_kl            | 0.010937294 |
|    clip_fraction        | 0.117       |
|    clip_range           | 0.2         |
|    entropy_loss         | -2.91       |
|    explained_variance   | 0.977       |
|    learning_rate        | 0.0003      |
|    loss                 | 18.8        |
|    n_updates            | 870         |
|    policy_gradient_loss | -0.00225    |
|    value_loss           | 58          |
-----------------------------------------
-----------------------------------------
| rollout/                |             |
|    ep_len_mean          | 481         |
|    ep_rew_mean          | 246         |
| time/                   |             |
|    fps                  | 91          |
|    iterations           | 89          |
|    time_elapsed         | 7978        |
|    total_timesteps      | 729088      |
| train/                  |             |
|    approx_kl            | 0.012143014 |
|    clip_fraction        | 0.137       |
|    clip_range           | 0.2         |
|    entropy_loss         | -3.06       |
|    explained_variance   | 0.979       |
|    learning_rate        | 0.0003      |
|    loss                 | 5.45        |
|    n_updates            | 880         |
|    policy_gradient_loss | -0.00463    |
|    value_loss           | 69.6        |
-----------------------------------------
-----------------------------------------
| rollout/                |             |
|    ep_len_mean          | 480         |
|    ep_rew_mean          | 242         |
| time/                   |             |
|    fps                  | 91          |
|    iterations           | 90          |
|    time_elapsed         | 8064        |
|    total_timesteps      | 737280      |
| train/                  |             |
|    approx_kl            | 0.010518026 |
|    clip_fraction        | 0.103       |
|    clip_range           | 0.2         |
|    entropy_loss         | -3.01       |
|    explained_variance   | 0.987       |
|    learning_rate        | 0.0003      |
|    loss                 | 6.5         |
|    n_updates            | 890         |
|    policy_gradient_loss | -0.00672    |
|    value_loss           | 50.6        |
-----------------------------------------
-----------------------------------------
| rollout/                |             |
|    ep_len_mean          | 478         |
|    ep_rew_mean          | 245         |
| time/                   |             |
|    fps                  | 91          |
|    iterations           | 91          |
|    time_elapsed         | 8150        |
|    total_timesteps      | 745472      |
| train/                  |             |
|    approx_kl            | 0.008413427 |
|    clip_fraction        | 0.131       |
|    clip_range           | 0.2         |
|    entropy_loss         | -3.02       |
|    explained_variance   | 0.967       |
|    learning_rate        | 0.0003      |
|    loss                 | 0.556       |
|    n_updates            | 900         |
|    policy_gradient_loss | 0.00126     |
|    value_loss           | 87.5        |
-----------------------------------------
----------------------------------------
| rollout/                |            |
|    ep_len_mean          | 475        |
|    ep_rew_mean          | 245        |
| time/                   |            |
|    fps                  | 91         |
|    iterations           | 92         |
|    time_elapsed         | 8238       |
|    total_timesteps      | 753664     |
| train/                  |            |
|    approx_kl            | 0.01205858 |
|    clip_fraction        | 0.116      |
|    clip_range           | 0.2        |
|    entropy_loss         | -3.02      |
|    explained_variance   | 0.977      |
|    learning_rate        | 0.0003     |
|    loss                 | 91.9       |
|    n_updates            | 910        |
|    policy_gradient_loss | -0.00182   |
|    value_loss           | 66.6       |
----------------------------------------
-----------------------------------------
| rollout/                |             |
|    ep_len_mean          | 470         |
|    ep_rew_mean          | 262         |
| time/                   |             |
|    fps                  | 91          |
|    iterations           | 93          |
|    time_elapsed         | 8323        |
|    total_timesteps      | 761856      |
| train/                  |             |
|    approx_kl            | 0.011302984 |
|    clip_fraction        | 0.13        |
|    clip_range           | 0.2         |
|    entropy_loss         | -2.99       |
|    explained_variance   | 0.976       |
|    learning_rate        | 0.0003      |
|    loss                 | 0.783       |
|    n_updates            | 920         |
|    policy_gradient_loss | -0.0057     |
|    value_loss           | 57          |
-----------------------------------------
------------------------------------------
| rollout/                |              |
|    ep_len_mean          | 467          |
|    ep_rew_mean          | 261          |
| time/                   |              |
|    fps                  | 91           |
|    iterations           | 94           |
|    time_elapsed         | 8410         |
|    total_timesteps      | 770048       |
| train/                  |              |
|    approx_kl            | 0.0118398825 |
|    clip_fraction        | 0.113        |
|    clip_range           | 0.2          |
|    entropy_loss         | -2.92        |
|    explained_variance   | 0.989        |
|    learning_rate        | 0.0003       |
|    loss                 | 1.67         |
|    n_updates            | 930          |
|    policy_gradient_loss | -0.00553     |
|    value_loss           | 31.4         |
------------------------------------------
------------------------------------------
| rollout/                |              |
|    ep_len_mean          | 469          |
|    ep_rew_mean          | 248          |
| time/                   |              |
|    fps                  | 91           |
|    iterations           | 95           |
|    time_elapsed         | 8498         |
|    total_timesteps      | 778240       |
| train/                  |              |
|    approx_kl            | 0.0140864495 |
|    clip_fraction        | 0.131        |
|    clip_range           | 0.2          |
|    entropy_loss         | -3.04        |
|    explained_variance   | 0.987        |
|    learning_rate        | 0.0003       |
|    loss                 | 17.1         |
|    n_updates            | 940          |
|    policy_gradient_loss | -0.00484     |
|    value_loss           | 44.1         |
------------------------------------------
-----------------------------------------
| rollout/                |             |
|    ep_len_mean          | 472         |
|    ep_rew_mean          | 235         |
| time/                   |             |
|    fps                  | 91          |
|    iterations           | 96          |
|    time_elapsed         | 8584        |
|    total_timesteps      | 786432      |
| train/                  |             |
|    approx_kl            | 0.010634019 |
|    clip_fraction        | 0.146       |
|    clip_range           | 0.2         |
|    entropy_loss         | -3.08       |
|    explained_variance   | 0.973       |
|    learning_rate        | 0.0003      |
|    loss                 | 5.87        |
|    n_updates            | 950         |
|    policy_gradient_loss | -0.00252    |
|    value_loss           | 71.7        |
-----------------------------------------
-----------------------------------------
| rollout/                |             |
|    ep_len_mean          | 474         |
|    ep_rew_mean          | 238         |
| time/                   |             |
|    fps                  | 91          |
|    iterations           | 97          |
|    time_elapsed         | 8670        |
|    total_timesteps      | 794624      |
| train/                  |             |
|    approx_kl            | 0.016350396 |
|    clip_fraction        | 0.13        |
|    clip_range           | 0.2         |
|    entropy_loss         | -3.16       |
|    explained_variance   | 0.974       |
|    learning_rate        | 0.0003      |
|    loss                 | 1.03        |
|    n_updates            | 960         |
|    policy_gradient_loss | -0.00198    |
|    value_loss           | 69.1        |
-----------------------------------------
-----------------------------------------
| rollout/                |             |
|    ep_len_mean          | 478         |
|    ep_rew_mean          | 234         |
| time/                   |             |
|    fps                  | 91          |
|    iterations           | 98          |
|    time_elapsed         | 8756        |
|    total_timesteps      | 802816      |
| train/                  |             |
|    approx_kl            | 0.010599198 |
|    clip_fraction        | 0.123       |
|    clip_range           | 0.2         |
|    entropy_loss         | -3.01       |
|    explained_variance   | 0.974       |
|    learning_rate        | 0.0003      |
|    loss                 | 5.98        |
|    n_updates            | 970         |
|    policy_gradient_loss | -0.00424    |
|    value_loss           | 70.4        |
-----------------------------------------
saved checkpoint: runs/checkpoints/v3/lstm_v3_bandenc_noprior_seed2/lstm_v3_bandenc_noprior_seed2.zip
saved manifest:   runs\checkpoints\v3\lstm_v3_bandenc_noprior_seed2\lstm_v3_bandenc_noprior_seed2.json
